Component: ARM Compiler 5.06 update 1 (build 61) Tool: armlink [4d35a8]

==============================================================================

Section Cross References

    main.o(i.ScanChain_rotate) refers to main.o(i.nrf_gpio_pin_clear) for nrf_gpio_pin_clear
    main.o(i.ScanChain_rotate) refers to main.o(i.nrf_delay_us) for nrf_delay_us
    main.o(i.ScanChain_rotate) refers to main.o(i.nrf_gpio_pin_set) for nrf_gpio_pin_set
    main.o(i.ScanChain_rotate) refers to main.o(i.nrf_gpio_pin_read) for nrf_gpio_pin_read
    main.o(i.ScanChain_rotate) refers to main.o(.bss) for .bss
    main.o(i.assert_nrf_callback) refers to app_error.o(i.app_error_handler) for app_error_handler
    main.o(i.ble_evt_dispatch) refers to ble_conn_params.o(i.ble_conn_params_on_ble_evt) for ble_conn_params_on_ble_evt
    main.o(i.ble_evt_dispatch) refers to ble_nus.o(i.ble_nus_on_ble_evt) for ble_nus_on_ble_evt
    main.o(i.ble_evt_dispatch) refers to main.o(i.on_ble_evt) for on_ble_evt
    main.o(i.ble_evt_dispatch) refers to ble_advertising.o(i.ble_advertising_on_ble_evt) for ble_advertising_on_ble_evt
    main.o(i.ble_evt_dispatch) refers to bsp_btn_ble.o(i.bsp_btn_ble_on_ble_evt) for bsp_btn_ble_on_ble_evt
    main.o(i.ble_evt_dispatch) refers to ble_advertising.o(i.ble_advertising_start) for ble_advertising_start
    main.o(i.ble_evt_dispatch) refers to main.o(.bss) for .bss
    main.o(i.ble_evt_dispatch) refers to main.o(.data) for .data
    main.o(i.bsp_event_handler) refers to main.o(i.sleep_mode_enter) for sleep_mode_enter
    main.o(i.bsp_event_handler) refers to app_error.o(i.app_error_handler_bare) for app_error_handler_bare
    main.o(i.bsp_event_handler) refers to ble_advertising.o(i.ble_advertising_restart_without_whitelist) for ble_advertising_restart_without_whitelist
    main.o(i.bsp_event_handler) refers to main.o(.data) for .data
    main.o(i.data_pins_init) refers to main.o(i.nrf_gpio_cfg_input) for nrf_gpio_cfg_input
    main.o(i.data_pins_init) refers to main.o(i.nrf_gpio_cfg_output) for nrf_gpio_cfg_output
    main.o(i.gap_params_init) refers to app_error.o(i.app_error_handler_bare) for app_error_handler_bare
    main.o(i.main) refers to app_timer.o(i.app_timer_init) for app_timer_init
    main.o(i.main) refers to app_error.o(i.app_error_handler_bare) for app_error_handler_bare
    main.o(i.main) refers to softdevice_handler.o(i.softdevice_handler_init) for softdevice_handler_init
    main.o(i.main) refers to softdevice_handler.o(i.softdevice_enable_get_default_config) for softdevice_enable_get_default_config
    main.o(i.main) refers to softdevice_handler.o(i.softdevice_enable) for softdevice_enable
    main.o(i.main) refers to softdevice_handler.o(i.softdevice_ble_evt_handler_set) for softdevice_ble_evt_handler_set
    main.o(i.main) refers to main.o(i.gap_params_init) for gap_params_init
    main.o(i.main) refers to ble_nus.o(i.ble_nus_init) for ble_nus_init
    main.o(i.main) refers to memseta.o(.text) for __aeabi_memclr4
    main.o(i.main) refers to ble_advertising.o(i.ble_advertising_init) for ble_advertising_init
    main.o(i.main) refers to main.o(i.nrf_gpio_cfg_output) for nrf_gpio_cfg_output
    main.o(i.main) refers to main.o(i.nrf_gpio_pin_clear) for nrf_gpio_pin_clear
    main.o(i.main) refers to main.o(i.nrf_gpio_pin_set) for nrf_gpio_pin_set
    main.o(i.main) refers to main.o(i.data_pins_init) for data_pins_init
    main.o(i.main) refers to main.o(i.nrf_gpio_cfg) for nrf_gpio_cfg
    main.o(i.main) refers to ble_advertising.o(i.ble_advertising_start) for ble_advertising_start
    main.o(i.main) refers to main.o(i.nrf_delay_us) for nrf_delay_us
    main.o(i.main) refers to main.o(i.ScanChain_rotate) for ScanChain_rotate
    main.o(i.main) refers to nrf_drv_pwm.o(i.nrf_drv_pwm_init) for nrf_drv_pwm_init
    main.o(i.main) refers to nrf_drv_pwm.o(i.nrf_drv_pwm_simple_playback) for nrf_drv_pwm_simple_playback
    main.o(i.main) refers to main.o(i.xcorr_pwm_input_enable) for xcorr_pwm_input_enable
    main.o(i.main) refers to main.o(i.xcorr_pwm_input_disable) for xcorr_pwm_input_disable
    main.o(i.main) refers to nrf_drv_pwm.o(i.nrf_drv_pwm_uninit) for nrf_drv_pwm_uninit
    main.o(i.main) refers to ble_nus.o(i.ble_nus_string_send) for ble_nus_string_send
    main.o(i.main) refers to nrf_drv_gpiote.o(i.nrf_drv_gpiote_in_event_enable) for nrf_drv_gpiote_in_event_enable
    main.o(i.main) refers to main.o(.bss) for .bss
    main.o(i.main) refers to main.o(i.ble_evt_dispatch) for ble_evt_dispatch
    main.o(i.main) refers to main.o(i.nus_data_handler) for nus_data_handler
    main.o(i.main) refers to main.o(.data) for .data
    main.o(i.main) refers to main.o(i.on_adv_evt) for on_adv_evt
    main.o(i.main) refers to main.o(.constdata) for .constdata
    main.o(i.nrf_delay_us) refers to system_nrf52.o(.data) for SystemCoreClock
    main.o(i.nrf_gpio_cfg_input) refers to main.o(i.nrf_gpio_cfg) for nrf_gpio_cfg
[...]
    Removing ble_srv_common.o(i.ble_srv_report_ref_encode), (12 bytes).
    Removing ble_srv_common.o(i.characteristic_add), (400 bytes).
    Removing ble_srv_common.o(i.descriptor_add), (170 bytes).
    Removing ble_srv_common.o(i.set_security_req), (48 bytes).
    Removing ble_nus.o(.rev16_text), (4 bytes).
    Removing ble_nus.o(.revsh_text), (4 bytes).
    Removing ble_nus.o(.rrx_text), (6 bytes).
    Removing nrf_drv_clock.o(.rev16_text), (4 bytes).
    Removing nrf_drv_clock.o(.revsh_text), (4 bytes).
    Removing nrf_drv_clock.o(.rrx_text), (6 bytes).
    Removing nrf_drv_clock.o(i.hfclk_stop), (44 bytes).
    Removing nrf_drv_clock.o(i.item_enqueue), (8 bytes).
    Removing nrf_drv_clock.o(i.lfclk_stop), (40 bytes).
    Removing nrf_drv_clock.o(i.nrf_clock_hf_is_running), (28 bytes).
    Removing nrf_drv_clock.o(i.nrf_drv_clock_calibration_abort), (4 bytes).
    Removing nrf_drv_clock.o(i.nrf_drv_clock_calibration_start), (4 bytes).
    Removing nrf_drv_clock.o(i.nrf_drv_clock_hfclk_is_running), (32 bytes).
    Removing nrf_drv_clock.o(i.nrf_drv_clock_hfclk_release), (44 bytes).
    Removing nrf_drv_clock.o(i.nrf_drv_clock_hfclk_request), (108 bytes).
    Removing nrf_drv_clock.o(i.nrf_drv_clock_is_calibrating), (4 bytes).
    Removing nrf_drv_clock.o(i.nrf_drv_clock_lfclk_is_running), (28 bytes).
    Removing nrf_drv_clock.o(i.nrf_drv_clock_lfclk_release), (44 bytes).
    Removing nrf_drv_clock.o(i.nrf_drv_clock_lfclk_request), (104 bytes).
    Removing nrf_drv_clock.o(i.nrf_drv_clock_on_sd_disable), (18 bytes).
    Removing nrf_drv_clock.o(i.nrf_drv_clock_uninit), (44 bytes).
    Removing nrf_drv_common.o(.rev16_text), (4 bytes).
    Removing nrf_drv_common.o(.revsh_text), (4 bytes).
    Removing nrf_drv_common.o(.rrx_text), (6 bytes).
    Removing nrf_drv_gpiote.o(.rev16_text), (4 bytes).
    Removing nrf_drv_gpiote.o(.revsh_text), (4 bytes).
    Removing nrf_drv_gpiote.o(.rrx_text), (6 bytes).
    Removing nrf_drv_gpiote.o(i.nrf_drv_gpiote_clr_task_addr_get), (24 bytes).
    Removing nrf_drv_gpiote.o(i.nrf_drv_gpiote_clr_task_trigger), (28 bytes).
    Removing nrf_drv_gpiote.o(i.nrf_drv_gpiote_in_event_addr_get), (28 bytes).
    Removing nrf_drv_gpiote.o(i.nrf_drv_gpiote_in_is_set), (20 bytes).
    Removing nrf_drv_gpiote.o(i.nrf_drv_gpiote_is_init), (20 bytes).
    Removing nrf_drv_gpiote.o(i.nrf_drv_gpiote_out_clear), (16 bytes).
    Removing nrf_drv_gpiote.o(i.nrf_drv_gpiote_out_init), (184 bytes).
    Removing nrf_drv_gpiote.o(i.nrf_drv_gpiote_out_set), (16 bytes).
    Removing nrf_drv_gpiote.o(i.nrf_drv_gpiote_out_task_addr_get), (20 bytes).
    Removing nrf_drv_gpiote.o(i.nrf_drv_gpiote_out_task_disable), (36 bytes).
    Removing nrf_drv_gpiote.o(i.nrf_drv_gpiote_out_task_enable), (52 bytes).
    Removing nrf_drv_gpiote.o(i.nrf_drv_gpiote_out_task_force), (40 bytes).
    Removing nrf_drv_gpiote.o(i.nrf_drv_gpiote_out_task_trigger), (24 bytes).
    Removing nrf_drv_gpiote.o(i.nrf_drv_gpiote_out_toggle), (32 bytes).
    Removing nrf_drv_gpiote.o(i.nrf_drv_gpiote_out_uninit), (68 bytes).
    Removing nrf_drv_gpiote.o(i.nrf_drv_gpiote_set_task_addr_get), (24 bytes).
    Removing nrf_drv_gpiote.o(i.nrf_drv_gpiote_set_task_trigger), (28 bytes).
    Removing nrf_drv_gpiote.o(i.nrf_drv_gpiote_uninit), (56 bytes).
    Removing nrf_drv_uart.o(.rev16_text), (4 bytes).
    Removing nrf_drv_uart.o(.revsh_text), (4 bytes).
    Removing nrf_drv_uart.o(.rrx_text), (6 bytes).
    Removing nrf_drv_uart.o(i.apply_config), (152 bytes).
    Removing nrf_drv_uart.o(i.nrf_drv_uart_errorsrc_get), (48 bytes).
    Removing nrf_drv_uart.o(i.nrf_drv_uart_init), (204 bytes).
    Removing nrf_drv_uart.o(i.nrf_drv_uart_rx), (172 bytes).
    Removing nrf_drv_uart.o(i.nrf_drv_uart_rx_abort), (40 bytes).
    Removing nrf_drv_uart.o(i.nrf_drv_uart_rx_disable), (36 bytes).
    Removing nrf_drv_uart.o(i.nrf_drv_uart_rx_enable), (48 bytes).
    Removing nrf_drv_uart.o(i.nrf_drv_uart_rx_for_uart), (168 bytes).
    Removing nrf_drv_uart.o(i.nrf_drv_uart_rx_for_uarte), (176 bytes).
    Removing nrf_drv_uart.o(i.nrf_drv_uart_tx), (264 bytes).
    Removing nrf_drv_uart.o(i.nrf_drv_uart_tx_abort), (88 bytes).
    Removing nrf_drv_uart.o(i.nrf_drv_uart_tx_in_progress), (24 bytes).
    Removing nrf_drv_uart.o(i.nrf_drv_uart_uninit), (96 bytes).
    Removing nrf_drv_uart.o(i.nrf_gpio_cfg), (34 bytes).
    Removing nrf_drv_uart.o(i.nrf_gpio_cfg_default), (18 bytes).
    Removing nrf_drv_uart.o(i.nrf_gpio_cfg_input), (18 bytes).
    Removing nrf_drv_uart.o(i.nrf_gpio_cfg_output), (20 bytes).
    Removing nrf_drv_uart.o(i.pins_to_default), (82 bytes).
    Removing nrf_drv_uart.o(i.rx_enable), (32 bytes).
    Removing nrf_drv_pwm.o(.rev16_text), (4 bytes).
    Removing nrf_drv_pwm.o(.revsh_text), (4 bytes).
    Removing nrf_drv_pwm.o(.rrx_text), (6 bytes).
    Removing nrf_drv_pwm.o(i.nrf_drv_pwm_complex_playback), (92 bytes).
    Removing nrf_drv_pwm.o(i.nrf_drv_pwm_is_stopped), (44 bytes).
    Removing nrf_drv_pwm.o(i.nrf_drv_pwm_stop), (38 bytes).
    Removing app_button.o(.rev16_text), (4 bytes).
    Removing app_button.o(.revsh_text), (4 bytes).
    Removing app_button.o(.rrx_text), (6 bytes).
    Removing app_button.o(i.app_button_disable), (48 bytes).
    Removing app_button.o(i.app_button_enable), (36 bytes).
    Removing app_button.o(i.app_button_init), (112 bytes).
    Removing app_button.o(i.app_button_is_pushed), (44 bytes).
    Removing app_button.o(i.detection_delay_timeout_handler), (96 bytes).
    Removing app_button.o(i.gpiote_event_handler), (88 bytes).
    Removing app_button.o(.bss), (32 bytes).
    Removing app_button.o(.constdata), (8 bytes).
    Removing app_button.o(.data), (20 bytes).
    Removing app_error.o(.rev16_text), (4 bytes).
    Removing app_error.o(.revsh_text), (4 bytes).
    Removing app_error.o(.rrx_text), (6 bytes).
    Removing app_error.o(i.app_error_handler), (24 bytes).
    Removing app_error.o(i.app_error_save_and_stop), (100 bytes).
    Removing app_error.o(.bss), (32 bytes).
    Removing app_error_weak.o(.rev16_text), (4 bytes).
    Removing app_error_weak.o(.revsh_text), (4 bytes).
    Removing app_error_weak.o(.rrx_text), (6 bytes).
    Removing app_fifo.o(.rev16_text), (4 bytes).
    Removing app_fifo.o(.revsh_text), (4 bytes).
    Removing app_fifo.o(.rrx_text), (6 bytes).
    Removing app_fifo.o(i.app_fifo_flush), (8 bytes).
    Removing app_fifo.o(i.app_fifo_get), (22 bytes).
    Removing app_fifo.o(i.app_fifo_init), (32 bytes).
    Removing app_fifo.o(i.app_fifo_peek), (34 bytes).
    Removing app_fifo.o(i.app_fifo_put), (26 bytes).
    Removing app_fifo.o(i.app_fifo_read), (74 bytes).
    Removing app_fifo.o(i.app_fifo_write), (82 bytes).
    Removing app_fifo.o(i.fifo_get), (20 bytes).
    Removing app_fifo.o(i.fifo_put), (18 bytes).
    Removing app_timer.o(.rev16_text), (4 bytes).
    Removing app_timer.o(.revsh_text), (4 bytes).
    Removing app_timer.o(.rrx_text), (6 bytes).
    Removing app_timer.o(i.app_timer_cnt_diff_compute), (12 bytes).
    Removing app_timer.o(i.app_timer_cnt_get), (12 bytes).
    Removing app_timer.o(i.app_timer_create), (36 bytes).
    Removing app_timer.o(i.app_timer_stop_all), (24 bytes).
    Removing app_uart_fifo.o(.rev16_text), (4 bytes).
    Removing app_uart_fifo.o(.revsh_text), (4 bytes).
    Removing app_uart_fifo.o(.rrx_text), (6 bytes).
    Removing app_uart_fifo.o(i.app_uart_close), (16 bytes).
    Removing app_uart_fifo.o(i.app_uart_flush), (32 bytes).
    Removing app_uart_fifo.o(i.app_uart_get), (52 bytes).
    Removing app_uart_fifo.o(i.app_uart_init), (180 bytes).
    Removing app_uart_fifo.o(i.app_uart_put), (60 bytes).
    Removing app_uart_fifo.o(i.uart_event_handler), (172 bytes).
    Removing app_uart_fifo.o(.bss), (32 bytes).
    Removing app_uart_fifo.o(.constdata), (32 bytes).
    Removing app_uart_fifo.o(.data), (16 bytes).
    Removing app_util_platform.o(.rev16_text), (4 bytes).
    Removing app_util_platform.o(.revsh_text), (4 bytes).
    Removing app_util_platform.o(.rrx_text), (6 bytes).
    Removing app_util_platform.o(i.app_util_disable_irq), (16 bytes).
    Removing app_util_platform.o(i.app_util_enable_irq), (20 bytes).
    Removing app_util_platform.o(.data), (4 bytes).
    Removing fstorage.o(.rev16_text), (4 bytes).
    Removing fstorage.o(.revsh_text), (4 bytes).
    Removing fstorage.o(.rrx_text), (6 bytes).
    Removing fstorage.o(i.check_config), (32 bytes).
    Removing fstorage.o(i.fs_erase), (116 bytes).
    Removing fstorage.o(i.fs_fake_init), (20 bytes).
    Removing fstorage.o(i.fs_init), (176 bytes).
    Removing fstorage.o(i.fs_store), (128 bytes).
    Removing fstorage.o(i.fs_sys_event_handler), (104 bytes).
    Removing fstorage.o(i.on_operation_success), (84 bytes).
    Removing fstorage.o(i.queue_advance), (44 bytes).
    Removing fstorage.o(i.queue_get_next_free), (56 bytes).
    Removing fstorage.o(i.queue_process), (112 bytes).
    Removing fstorage.o(i.queue_start), (28 bytes).
    Removing fstorage.o(i.send_event), (76 bytes).
    Removing fstorage.o(.data), (2 bytes).
    Removing nrf_assert.o(.rev16_text), (4 bytes).
    Removing nrf_assert.o(.revsh_text), (4 bytes).
    Removing nrf_assert.o(.rrx_text), (6 bytes).
    Removing nrf_assert.o(i.assert_nrf_callback), (22 bytes).
    Removing retarget.o(.rev16_text), (4 bytes).
    Removing retarget.o(.revsh_text), (4 bytes).
    Removing retarget.o(.rrx_text), (6 bytes).
    Removing retarget.o(i.fgetc), (18 bytes).
    Removing retarget.o(i.fputc), (14 bytes).
    Removing retarget.o(.data), (4 bytes).
    Removing retarget.o(.data), (4 bytes).
    Removing softdevice_handler.o(.rev16_text), (4 bytes).
    Removing softdevice_handler.o(.revsh_text), (4 bytes).
    Removing softdevice_handler.o(.rrx_text), (6 bytes).
    Removing softdevice_handler.o(i.sd_check_ram_start), (16 bytes).
    Removing softdevice_handler.o(i.softdevice_handler_is_suspended), (12 bytes).
    Removing softdevice_handler.o(i.softdevice_handler_resume), (68 bytes).
    Removing softdevice_handler.o(i.softdevice_handler_sd_disable), (24 bytes).
    Removing softdevice_handler.o(i.softdevice_handler_suspend), (60 bytes).
    Removing softdevice_handler.o(i.softdevice_sys_evt_handler_set), (20 bytes).
    Removing arm_startup_nrf52.o(HEAP), (8192 bytes).
    Removing system_nrf52.o(.rev16_text), (4 bytes).
    Removing system_nrf52.o(.revsh_text), (4 bytes).
    Removing system_nrf52.o(.rrx_text), (6 bytes).
    Removing system_nrf52.o(i.SystemCoreClockUpdate), (16 bytes).

223 unused section(s) (total 16369 bytes) removed from the image.

==============================================================================

Image Symbol Table

    Local Symbols

    Symbol Name                              Value     Ov Type        Size  Object(Section)

    ../clib/../cmprslib/zerorunl2.c          0x00000000   Number         0  __dczerorl2.o ABSOLUTE
    ../clib/microlib/init/entry.s            0x00000000   Number         0  entry8a.o ABSOLUTE
    ../clib/microlib/init/entry.s            0x00000000   Number         0  entry11b.o ABSOLUTE
    ../clib/microlib/init/entry.s            0x00000000   Number         0  entry11a.o ABSOLUTE
    ../clib/microlib/init/entry.s            0x00000000   Number         0  entry10b.o ABSOLUTE
    ../clib/microlib/init/entry.s            0x00000000   Number         0  entry10a.o ABSOLUTE
    ../clib/microlib/init/entry.s            0x00000000   Number         0  entry9b.o ABSOLUTE
    ../clib/microlib/init/entry.s            0x00000000   Number         0  entry7a.o ABSOLUTE
    ../clib/microlib/init/entry.s            0x00000000   Number         0  entry9a.o ABSOLUTE
    ../clib/microlib/init/entry.s            0x00000000   Number         0  entry.o ABSOLUTE
    ../clib/microlib/init/entry.s            0x00000000   Number         0  entry8b.o ABSOLUTE
    ../clib/microlib/init/entry.s            0x00000000   Number         0  entry5.o ABSOLUTE
    ../clib/microlib/init/entry.s            0x00000000   Number         0  entry7b.o ABSOLUTE
    ../clib/microlib/init/entry.s            0x00000000   Number         0  entry2.o ABSOLUTE
    ../clib/microlib/string/memcpy.c         0x00000000   Number         0  memcpya.o ABSOLUTE
    ../clib/microlib/string/memcpy.c         0x00000000   Number         0  memcpyb.o ABSOLUTE
    ../clib/microlib/string/memset.c         0x00000000   Number         0  memseta.o ABSOLUTE
    ../clib/microlib/string/strlen.c         0x00000000   Number         0  strlen.o ABSOLUTE
    ..\..\..\..\..\..\components\ble\ble_advertising\ble_advertising.c 0x00000000   Number         0  ble_advertising.o ABSOLUTE
    ..\..\..\..\..\..\components\ble\ble_services\ble_nus\ble_nus.c 0x00000000   Number         0  ble_nus.o ABSOLUTE
    ..\..\..\..\..\..\components\ble\common\ble_advdata.c 0x00000000   Number         0  ble_advdata.o ABSOLUTE
    ..\..\..\..\..\..\components\ble\common\ble_conn_params.c 0x00000000   Number         0  ble_conn_params.o ABSOLUTE
    ..\..\..\..\..\..\components\ble\common\ble_srv_common.c 0x00000000   Number         0  ble_srv_common.o ABSOLUTE
    ..\..\..\..\..\..\components\drivers_nrf\clock\nrf_drv_clock.c 0x00000000   Number         0  nrf_drv_clock.o ABSOLUTE
    ..\..\..\..\..\..\components\drivers_nrf\common\nrf_drv_common.c 0x00000000   Number         0  nrf_drv_common.o ABSOLUTE
    ..\..\..\..\..\..\components\drivers_nrf\gpiote\nrf_drv_gpiote.c 0x00000000   Number         0  nrf_drv_gpiote.o ABSOLUTE
    ..\..\..\..\..\..\components\drivers_nrf\pwm\nrf_drv_pwm.c 0x00000000   Number         0  nrf_drv_pwm.o ABSOLUTE
    ..\..\..\..\..\..\components\drivers_nrf\uart\nrf_drv_uart.c 0x00000000   Number         0  nrf_drv_uart.o ABSOLUTE
    ..\..\..\..\..\..\components\libraries\button\app_button.c 0x00000000   Number         0  app_button.o ABSOLUTE
    ..\..\..\..\..\..\components\libraries\fifo\app_fifo.c 0x00000000   Number         0  app_fifo.o ABSOLUTE
    ..\..\..\..\..\..\components\libraries\fstorage\fstorage.c 0x00000000   Number         0  fstorage.o ABSOLUTE
    ..\..\..\..\..\..\components\libraries\hardfault\hardfault_implementation.c 0x00000000   Number         0  hardfault_implementation.o ABSOLUTE
    ..\..\..\..\..\..\components\libraries\timer\app_timer.c 0x00000000   Number         0  app_timer.o ABSOLUTE
    ..\..\..\..\..\..\components\libraries\uart\app_uart_fifo.c 0x00000000   Number         0  app_uart_fifo.o ABSOLUTE
    ..\..\..\..\..\..\components\libraries\uart\retarget.c 0x00000000   Number         0  retarget.o ABSOLUTE
    ..\..\..\..\..\..\components\libraries\util\app_error.c 0x00000000   Number         0  app_error.o ABSOLUTE
    ..\..\..\..\..\..\components\libraries\util\app_error_weak.c 0x00000000   Number         0  app_error_weak.o ABSOLUTE
    ..\..\..\..\..\..\components\libraries\util\app_util_platform.c 0x00000000   Number         0  app_util_platform.o ABSOLUTE
    ..\..\..\..\..\..\components\libraries\util\nrf_assert.c 0x00000000   Number         0  nrf_assert.o ABSOLUTE
    ..\..\..\..\..\..\components\softdevice\common\softdevice_handler\softdevice_handler.c 0x00000000   Number         0  softdevice_handler.o ABSOLUTE
    ..\..\..\..\..\bsp\bsp.c                 0x00000000   Number         0  bsp.o ABSOLUTE
    ..\..\..\..\..\bsp\bsp_btn_ble.c         0x00000000   Number         0  bsp_btn_ble.o ABSOLUTE
    ..\..\..\main.c                          0x00000000   Number         0  main.o ABSOLUTE
    ..\\..\\..\\..\\..\\..\\components\\ble\\ble_advertising\\ble_advertising.c 0x00000000   Number         0  ble_advertising.o ABSOLUTE
    ..\\..\\..\\..\\..\\..\\components\\ble\\ble_services\\ble_nus\\ble_nus.c 0x00000000   Number         0  ble_nus.o ABSOLUTE
    ..\\..\\..\\..\\..\\..\\components\\ble\\common\\ble_advdata.c 0x00000000   Number         0  ble_advdata.o ABSOLUTE
    ..\\..\\..\\..\\..\\..\\components\\ble\\common\\ble_conn_params.c 0x00000000   Number         0  ble_conn_params.o ABSOLUTE
    ..\\..\\..\\..\\..\\..\\components\\ble\\common\\ble_srv_common.c 0x00000000   Number         0  ble_srv_common.o ABSOLUTE
    ..\\..\\..\\..\\..\\..\\components\\drivers_nrf\\clock\\nrf_drv_clock.c 0x00000000   Number         0  nrf_drv_clock.o ABSOLUTE
    ..\\..\\..\\..\\..\\..\\components\\drivers_nrf\\common\\nrf_drv_common.c 0x00000000   Number         0  nrf_drv_common.o ABSOLUTE
    ..\\..\\..\\..\\..\\..\\components\\drivers_nrf\\gpiote\\nrf_drv_gpiote.c 0x00000000   Number         0  nrf_drv_gpiote.o ABSOLUTE
    ..\\..\\..\\..\\..\\..\\components\\drivers_nrf\\pwm\\nrf_drv_pwm.c 0x00000000   Number         0  nrf_drv_pwm.o ABSOLUTE
    ..\\..\\..\\..\\..\\..\\components\\drivers_nrf\\uart\\nrf_drv_uart.c 0x00000000   Number         0  nrf_drv_uart.o ABSOLUTE
    ..\\..\\..\\..\\..\\..\\components\\libraries\\button\\app_button.c 0x00000000   Number         0  app_button.o ABSOLUTE
    ..\\..\\..\\..\\..\\..\\components\\libraries\\fifo\\app_fifo.c 0x00000000   Number         0  app_fifo.o ABSOLUTE
    ..\\..\\..\\..\\..\\..\\components\\libraries\\fstorage\\fstorage.c 0x00000000   Number         0  fstorage.o ABSOLUTE
    ..\\..\\..\\..\\..\\..\\components\\libraries\\timer\\app_timer.c 0x00000000   Number         0  app_timer.o ABSOLUTE
    ..\\..\\..\\..\\..\\..\\components\\libraries\\uart\\app_uart_fifo.c 0x00000000   Number         0  app_uart_fifo.o ABSOLUTE
    ..\\..\\..\\..\\..\\..\\components\\libraries\\uart\\retarget.c 0x00000000   Number         0  retarget.o ABSOLUTE
    ..\\..\\..\\..\\..\\..\\components\\libraries\\util\\app_error.c 0x00000000   Number         0  app_error.o ABSOLUTE
    ..\\..\\..\\..\\..\\..\\components\\libraries\\util\\app_error_weak.c 0x00000000   Number         0  app_error_weak.o ABSOLUTE
    ..\\..\\..\\..\\..\\..\\components\\libraries\\util\\app_util_platform.c 0x00000000   Number         0  app_util_platform.o ABSOLUTE
    ..\\..\\..\\..\\..\\..\\components\\libraries\\util\\nrf_assert.c 0x00000000   Number         0  nrf_assert.o ABSOLUTE
    ..\\..\\..\\..\\..\\..\\components\\softdevice\\common\\softdevice_handler\\softdevice_handler.c 0x00000000   Number         0  softdevice_handler.o ABSOLUTE
    ..\\..\\..\\..\\..\\bsp\\bsp.c           0x00000000   Number         0  bsp.o ABSOLUTE
    ..\\..\\..\\..\\..\\bsp\\bsp_btn_ble.c   0x00000000   Number         0  bsp_btn_ble.o ABSOLUTE
    ..\\..\\..\\main.c                       0x00000000   Number         0  main.o ABSOLUTE
    RTE\Device\nRF52832_xxAA\arm_startup_nrf52.s 0x00000000   Number         0  arm_startup_nrf52.o ABSOLUTE
    RTE\Device\nRF52832_xxAA\system_nrf52.c  0x00000000   Number         0  system_nrf52.o ABSOLUTE
    RTE\\Device\\nRF52832_xxAA\\system_nrf52.c 0x00000000   Number         0  system_nrf52.o ABSOLUTE
    dc.s                                     0x00000000   Number         0  dc.o ABSOLUTE
    handlers.s                               0x00000000   Number         0  handlers.o ABSOLUTE
    init.s                                   0x00000000   Number         0  init.o ABSOLUTE
    RESET                                    0x0001f000   Section     1024  arm_startup_nrf52.o(RESET)
    .ARM.Collect$$$$00000000                 0x0001f400   Section        0  entry.o(.ARM.Collect$$$$00000000)
    .ARM.Collect$$$$00000001                 0x0001f400   Section        4  entry2.o(.ARM.Collect$$$$00000001)
    .ARM.Collect$$$$00000004                 0x0001f404   Section        4  entry5.o(.ARM.Collect$$$$00000004)
    .ARM.Collect$$$$00000008                 0x0001f408   Section        0  entry7b.o(.ARM.Collect$$$$00000008)
    .ARM.Collect$$$$0000000A                 0x0001f408   Section        0  entry8b.o(.ARM.Collect$$$$0000000A)
    .ARM.Collect$$$$0000000B                 0x0001f408   Section        8  entry9a.o(.ARM.Collect$$$$0000000B)
    .ARM.Collect$$$$0000000D                 0x0001f410   Section        0  entry10a.o(.ARM.Collect$$$$0000000D)
    .ARM.Collect$$$$0000000F                 0x0001f410   Section        0  entry11a.o(.ARM.Collect$$$$0000000F)
    .ARM.Collect$$$$00002712                 0x0001f410   Section        4  entry2.o(.ARM.Collect$$$$00002712)
    __lit__00000000                          0x0001f410   Data           4  entry2.o(.ARM.Collect$$$$00002712)
    .text                                    0x0001f414   Section       36  arm_startup_nrf52.o(.text)
    $v0                                      0x0001f414   Number         0  arm_startup_nrf52.o(.text)
    .text                                    0x0001f438   Section        0  memcpya.o(.text)
    .text                                    0x0001f45c   Section        0  memseta.o(.text)
    .text                                    0x0001f480   Section       36  init.o(.text)
    .text                                    0x0001f4a4   Section        0  __dczerorl2.o(.text)
    i.GPIOTE_IRQHandler                      0x0001f4fc   Section        0  nrf_drv_gpiote.o(i.GPIOTE_IRQHandler)
    i.NVIC_ClearPendingIRQ                   0x0001f648   Section        0  app_timer.o(i.NVIC_ClearPendingIRQ)
    NVIC_ClearPendingIRQ                     0x0001f649   Thumb Code    22  app_timer.o(i.NVIC_ClearPendingIRQ)
    i.NVIC_DisableIRQ                        0x0001f65e   Section        0  softdevice_handler.o(i.NVIC_DisableIRQ)
    NVIC_DisableIRQ                          0x0001f65f   Thumb Code    22  softdevice_handler.o(i.NVIC_DisableIRQ)
    i.NVIC_EnableIRQ                         0x0001f674   Section        0  app_timer.o(i.NVIC_EnableIRQ)
    NVIC_EnableIRQ                           0x0001f675   Thumb Code    22  app_timer.o(i.NVIC_EnableIRQ)
    i.NVIC_EnableIRQ                         0x0001f68a   Section        0  softdevice_handler.o(i.NVIC_EnableIRQ)
    NVIC_EnableIRQ                           0x0001f68b   Thumb Code    22  softdevice_handler.o(i.NVIC_EnableIRQ)
    i.NVIC_SetPendingIRQ                     0x0001f6a0   Section        0  app_timer.o(i.NVIC_SetPendingIRQ)
    NVIC_SetPendingIRQ                       0x0001f6a1   Thumb Code    22  app_timer.o(i.NVIC_SetPendingIRQ)
    i.NVIC_SetPriority                       0x0001f6b6   Section        0  app_timer.o(i.NVIC_SetPriority)
    NVIC_SetPriority                         0x0001f6b7   Thumb Code    32  app_timer.o(i.NVIC_SetPriority)
    i.POWER_CLOCK_IRQHandler                 0x0001f6d8   Section        0  nrf_drv_clock.o(i.POWER_CLOCK_IRQHandler)
    i.PWM0_IRQHandler                        0x0001f730   Section        0  nrf_drv_pwm.o(i.PWM0_IRQHandler)
    i.RTC1_IRQHandler                        0x0001f740   Section        0  app_timer.o(i.RTC1_IRQHandler)
    i.SWI0_EGU0_IRQHandler                   0x0001f764   Section        0  app_timer.o(i.SWI0_EGU0_IRQHandler)
    i.SWI2_EGU2_IRQHandler                   0x0001f768   Section        0  softdevice_handler.o(i.SWI2_EGU2_IRQHandler)
    i.ScanChain_rotate                       0x0001f78c   Section        0  main.o(i.ScanChain_rotate)
    ScanChain_rotate                         0x0001f78d   Thumb Code   252  main.o(i.ScanChain_rotate)
    i.SystemInit                             0x0001f88c   Section        0  system_nrf52.o(i.SystemInit)
    i.UARTE0_UART0_IRQHandler                0x0001faf8   Section        0  nrf_drv_uart.o(i.UARTE0_UART0_IRQHandler)
    i.__scatterload_copy                     0x0001fb14   Section       14  handlers.o(i.__scatterload_copy)
    i.__scatterload_null                     0x0001fb22   Section        2  handlers.o(i.__scatterload_null)
    i.__scatterload_zeroinit                 0x0001fb24   Section       14  handlers.o(i.__scatterload_zeroinit)
    i.__sd_nvic_app_accessible_irq           0x0001fb34   Section        0  softdevice_handler.o(i.__sd_nvic_app_accessible_irq)
    __sd_nvic_app_accessible_irq             0x0001fb35   Thumb Code    32  softdevice_handler.o(i.__sd_nvic_app_accessible_irq)
    i.adv_data_encode                        0x0001fb58   Section        0  ble_advdata.o(i.adv_data_encode)
    i.adv_mode_next_avail_get                0x0001fcdc   Section        0  ble_advertising.o(i.adv_mode_next_avail_get)
    adv_mode_next_avail_get                  0x0001fcdd   Thumb Code    80  ble_advertising.o(i.adv_mode_next_avail_get)
    i.advertising_buttons_configure          0x0001fd34   Section        0  bsp_btn_ble.o(i.advertising_buttons_configure)
    advertising_buttons_configure            0x0001fd35   Thumb Code    54  bsp_btn_ble.o(i.advertising_buttons_configure)
    i.app_error_fault_handler                0x0001fd6c   Section        0  app_error_weak.o(i.app_error_fault_handler)
    i.app_error_handler_bare                 0x0001fd90   Section        0  app_error.o(i.app_error_handler_bare)
    i.app_timer_init                         0x0001fda8   Section        0  app_timer.o(i.app_timer_init)
    i.app_timer_start                        0x0001fe18   Section        0  app_timer.o(i.app_timer_start)
    i.app_timer_stop                         0x0001fea0   Section        0  app_timer.o(i.app_timer_stop)
    i.app_util_critical_region_enter         0x0001fec0   Section        0  app_util_platform.o(i.app_util_critical_region_enter)
    i.app_util_critical_region_exit          0x0001ff08   Section        0  app_util_platform.o(i.app_util_critical_region_exit)
    i.ble_advdata_set                        0x0001ff3c   Section        0  ble_advdata.o(i.ble_advdata_set)
    i.ble_advertising_init                   0x0001ffa4   Section        0  ble_advertising.o(i.ble_advertising_init)
    i.ble_advertising_on_ble_evt             0x000200c4   Section        0  ble_advertising.o(i.ble_advertising_on_ble_evt)
    i.ble_advertising_start                  0x00020120   Section        0  ble_advertising.o(i.ble_advertising_start)
    i.ble_conn_params_on_ble_evt             0x00020224   Section        0  ble_conn_params.o(i.ble_conn_params_on_ble_evt)
    i.ble_device_addr_encode                 0x000202a8   Section        0  ble_advdata.o(i.ble_device_addr_encode)
    ble_device_addr_encode                   0x000202a9   Thumb Code    96  ble_advdata.o(i.ble_device_addr_encode)
    i.ble_evt_dispatch                       0x00020308   Section        0  main.o(i.ble_evt_dispatch)
    ble_evt_dispatch                         0x00020309   Thumb Code    62  main.o(i.ble_evt_dispatch)
    i.ble_nus_init                           0x00020350   Section        0  ble_nus.o(i.ble_nus_init)
    i.ble_nus_on_ble_evt                     0x000203b4   Section        0  ble_nus.o(i.ble_nus_on_ble_evt)
    i.ble_nus_string_send                    0x00020410   Section        0  ble_nus.o(i.ble_nus_string_send)
    i.ble_srv_is_notification_enabled        0x0002045e   Section        0  ble_srv_common.o(i.ble_srv_is_notification_enabled)
    i.bsp_btn_ble_on_ble_evt                 0x00020468   Section        0  bsp_btn_ble.o(i.bsp_btn_ble_on_ble_evt)
    i.bsp_btn_ble_sleep_mode_prepare         0x000204d8   Section        0  bsp_btn_ble.o(i.bsp_btn_ble_sleep_mode_prepare)
    i.bsp_button_event_handler               0x000204ec   Section        0  bsp.o(i.bsp_button_event_handler)
    bsp_button_event_handler                 0x000204ed   Thumb Code   154  bsp.o(i.bsp_button_event_handler)
    i.bsp_event_to_button_action_assign      0x00020594   Section        0  bsp.o(i.bsp_event_to_button_action_assign)
    i.bsp_indication_set                     0x000205d8   Section        0  bsp.o(i.bsp_indication_set)
    i.bsp_led_indication                     0x000205f0   Section        0  bsp.o(i.bsp_led_indication)
    bsp_led_indication                       0x000205f1   Thumb Code   536  bsp.o(i.bsp_led_indication)
    i.bsp_wakeup_buttons_set                 0x00020814   Section        0  bsp.o(i.bsp_wakeup_buttons_set)
    i.channel_free                           0x00020850   Section        0  nrf_drv_gpiote.o(i.channel_free)
    channel_free                             0x00020851   Thumb Code    22  nrf_drv_gpiote.o(i.channel_free)
    i.channel_port_alloc                     0x0002086c   Section        0  nrf_drv_gpiote.o(i.channel_port_alloc)
    channel_port_alloc                       0x0002086d   Thumb Code    66  nrf_drv_gpiote.o(i.channel_port_alloc)
    i.channel_port_get                       0x000208b4   Section        0  nrf_drv_gpiote.o(i.channel_port_get)
    channel_port_get                         0x000208b5   Thumb Code    10  nrf_drv_gpiote.o(i.channel_port_get)
    i.clock_clk_started_notify               0x000208c4   Section        0  nrf_drv_clock.o(i.clock_clk_started_notify)
    clock_clk_started_notify                 0x000208c5   Thumb Code    34  nrf_drv_clock.o(i.clock_clk_started_notify)
    i.compare_reg_update                     0x000208ec   Section        0  app_timer.o(i.compare_reg_update)
    compare_reg_update                       0x000208ed   Thumb Code   160  app_timer.o(i.compare_reg_update)
    i.configure_pins                         0x00020998   Section        0  nrf_drv_pwm.o(i.configure_pins)
    configure_pins                           0x00020999   Thumb Code    98  nrf_drv_pwm.o(i.configure_pins)
    i.conn_int_encode                        0x00020a00   Section        0  ble_advdata.o(i.conn_int_encode)
    conn_int_encode                          0x00020a01   Thumb Code   136  ble_advdata.o(i.conn_int_encode)
    i.conn_params_negotiation                0x00020a88   Section        0  ble_conn_params.o(i.conn_params_negotiation)
    conn_params_negotiation                  0x00020a89   Thumb Code    78  ble_conn_params.o(i.conn_params_negotiation)
    i.data_pins_init                         0x00020ae4   Section        0  main.o(i.data_pins_init)
    data_pins_init                           0x00020ae5   Thumb Code   114  main.o(i.data_pins_init)
    i.elapsed_ticks_acquire                  0x00020b58   Section        0  app_timer.o(i.elapsed_ticks_acquire)
    elapsed_ticks_acquire                    0x00020b59   Thumb Code    58  app_timer.o(i.elapsed_ticks_acquire)
    i.fs_queued_op_count_get                 0x00020b98   Section        0  fstorage.o(i.fs_queued_op_count_get)
    i.gap_params_init                        0x00020bac   Section        0  main.o(i.gap_params_init)
    gap_params_init                          0x00020bad   Thumb Code    90  main.o(i.gap_params_init)
    i.intern_softdevice_events_execute       0x00020c18   Section        0  softdevice_handler.o(i.intern_softdevice_events_execute)
    i.irq_handler                            0x00020c90   Section        0  nrf_drv_pwm.o(i.irq_handler)
    irq_handler                              0x00020c91   Thumb Code   158  nrf_drv_pwm.o(i.irq_handler)
    i.is_conn_params_ok                      0x00020d30   Section        0  ble_conn_params.o(i.is_conn_params_ok)
    is_conn_params_ok                        0x00020d31   Thumb Code    24  ble_conn_params.o(i.is_conn_params_ok)
    i.list_deletions_handler                 0x00020d4c   Section        0  app_timer.o(i.list_deletions_handler)
    list_deletions_handler                   0x00020d4d   Thumb Code   158  app_timer.o(i.list_deletions_handler)
    i.list_insertions_handler                0x00020df4   Section        0  app_timer.o(i.list_insertions_handler)
    list_insertions_handler                  0x00020df5   Thumb Code   174  app_timer.o(i.list_insertions_handler)
    i.main                                   0x00020eac   Section        0  main.o(i.main)
    i.manuf_specific_data_encode             0x00021134   Section        0  ble_advdata.o(i.manuf_specific_data_encode)
    manuf_specific_data_encode               0x00021135   Thumb Code   100  ble_advdata.o(i.manuf_specific_data_encode)
    i.name_encode                            0x00021198   Section        0  ble_advdata.o(i.name_encode)
    name_encode                              0x00021199   Thumb Code   156  ble_advdata.o(i.name_encode)
    i.nrf_clock_event_check                  0x00021234   Section        0  nrf_drv_clock.o(i.nrf_clock_event_check)
    nrf_clock_event_check                    0x00021235   Thumb Code    14  nrf_drv_clock.o(i.nrf_clock_event_check)
    i.nrf_clock_event_clear                  0x00021242   Section        0  nrf_drv_clock.o(i.nrf_clock_event_clear)
    nrf_clock_event_clear                    0x00021243   Thumb Code    16  nrf_drv_clock.o(i.nrf_clock_event_clear)
    i.nrf_delay_us                           0x00021254   Section        0  main.o(i.nrf_delay_us)
    nrf_delay_us                             0x00021255   Thumb Code   132  main.o(i.nrf_delay_us)
    i.nrf_delay_us                           0x000212e0   Section        0  app_timer.o(i.nrf_delay_us)
    nrf_delay_us                             0x000212e1   Thumb Code   132  app_timer.o(i.nrf_delay_us)
    i.nrf_drv_clock_init                     0x0002136c   Section        0  nrf_drv_clock.o(i.nrf_drv_clock_init)
    i.nrf_drv_clock_on_sd_enable             0x000213a4   Section        0  nrf_drv_clock.o(i.nrf_drv_clock_on_sd_enable)
    i.nrf_drv_clock_on_soc_event             0x000213d4   Section        0  nrf_drv_clock.o(i.nrf_drv_clock_on_soc_event)
    i.nrf_drv_common_irq_enable              0x000213de   Section        0  nrf_drv_common.o(i.nrf_drv_common_irq_enable)
    i.nrf_drv_gpiote_in_event_disable        0x00021418   Section        0  nrf_drv_gpiote.o(i.nrf_drv_gpiote_in_event_disable)
    i.nrf_drv_gpiote_in_event_enable         0x00021460   Section        0  nrf_drv_gpiote.o(i.nrf_drv_gpiote_in_event_enable)
    i.nrf_drv_gpiote_in_init                 0x00021504   Section        0  nrf_drv_gpiote.o(i.nrf_drv_gpiote_in_init)
    i.nrf_drv_gpiote_in_uninit               0x000215bc   Section        0  nrf_drv_gpiote.o(i.nrf_drv_gpiote_in_uninit)
    i.nrf_drv_gpiote_init                    0x00021604   Section        0  nrf_drv_gpiote.o(i.nrf_drv_gpiote_init)
    i.nrf_drv_pwm_init                       0x00021660   Section        0  nrf_drv_pwm.o(i.nrf_drv_pwm_init)
    i.nrf_drv_pwm_simple_playback            0x00021700   Section        0  nrf_drv_pwm.o(i.nrf_drv_pwm_simple_playback)
    i.nrf_drv_pwm_uninit                     0x00021770   Section        0  nrf_drv_pwm.o(i.nrf_drv_pwm_uninit)
    i.nrf_gpio_cfg                           0x000217a4   Section        0  main.o(i.nrf_gpio_cfg)
    nrf_gpio_cfg                             0x000217a5   Thumb Code    34  main.o(i.nrf_gpio_cfg)
    i.nrf_gpio_cfg                           0x000217c6   Section        0  nrf_drv_gpiote.o(i.nrf_gpio_cfg)
    nrf_gpio_cfg                             0x000217c7   Thumb Code    34  nrf_drv_gpiote.o(i.nrf_gpio_cfg)
    i.nrf_gpio_cfg_default                   0x000217e8   Section        0  nrf_drv_gpiote.o(i.nrf_gpio_cfg_default)
    nrf_gpio_cfg_default                     0x000217e9   Thumb Code    18  nrf_drv_gpiote.o(i.nrf_gpio_cfg_default)
    i.nrf_gpio_cfg_input                     0x000217fa   Section        0  main.o(i.nrf_gpio_cfg_input)
    nrf_gpio_cfg_input                       0x000217fb   Thumb Code    18  main.o(i.nrf_gpio_cfg_input)
    i.nrf_gpio_cfg_output                    0x0002180c   Section        0  main.o(i.nrf_gpio_cfg_output)
    nrf_gpio_cfg_output                      0x0002180d   Thumb Code    20  main.o(i.nrf_gpio_cfg_output)
    i.nrf_gpio_cfg_sense_set                 0x00021820   Section        0  nrf_drv_gpiote.o(i.nrf_gpio_cfg_sense_set)
    nrf_gpio_cfg_sense_set                   0x00021821   Thumb Code    28  nrf_drv_gpiote.o(i.nrf_gpio_cfg_sense_set)
    i.nrf_gpio_pin_clear                     0x0002183c   Section        0  main.o(i.nrf_gpio_pin_clear)
    nrf_gpio_pin_clear                       0x0002183d   Thumb Code    10  main.o(i.nrf_gpio_pin_clear)
    i.nrf_gpio_pin_read                      0x0002184c   Section        0  main.o(i.nrf_gpio_pin_read)
    nrf_gpio_pin_read                        0x0002184d   Thumb Code    12  main.o(i.nrf_gpio_pin_read)
    i.nrf_gpio_pin_set                       0x0002185c   Section        0  main.o(i.nrf_gpio_pin_set)
    nrf_gpio_pin_set                         0x0002185d   Thumb Code    10  main.o(i.nrf_gpio_pin_set)
    i.nrf_gpiote_event_clear                 0x0002186c   Section        0  nrf_drv_gpiote.o(i.nrf_gpiote_event_clear)
    nrf_gpiote_event_clear                   0x0002186d   Thumb Code    16  nrf_drv_gpiote.o(i.nrf_gpiote_event_clear)
    i.nrf_gpiote_event_is_set                0x00021880   Section        0  nrf_drv_gpiote.o(i.nrf_gpiote_event_is_set)
    nrf_gpiote_event_is_set                  0x00021881   Thumb Code    12  nrf_drv_gpiote.o(i.nrf_gpiote_event_is_set)
    i.nrf_pwm_event_check                    0x00021890   Section        0  nrf_drv_pwm.o(i.nrf_pwm_event_check)
    nrf_pwm_event_check                      0x00021891   Thumb Code    10  nrf_drv_pwm.o(i.nrf_pwm_event_check)
    i.nrf_pwm_event_clear                    0x0002189a   Section        0  nrf_drv_pwm.o(i.nrf_pwm_event_clear)
    nrf_pwm_event_clear                      0x0002189b   Thumb Code    12  nrf_drv_pwm.o(i.nrf_pwm_event_clear)
    i.nrf_pwm_int_enable_check               0x000218a6   Section        0  nrf_drv_pwm.o(i.nrf_pwm_int_enable_check)
    nrf_pwm_int_enable_check                 0x000218a7   Thumb Code    12  nrf_drv_pwm.o(i.nrf_pwm_int_enable_check)
    i.nrf_pwm_sequence_set                   0x000218b2   Section        0  nrf_drv_pwm.o(i.nrf_pwm_sequence_set)
    nrf_pwm_sequence_set                     0x000218b3   Thumb Code    30  nrf_drv_pwm.o(i.nrf_pwm_sequence_set)
    i.nrf_uart_event_check                   0x000218d0   Section        0  nrf_drv_uart.o(i.nrf_uart_event_check)
    nrf_uart_event_check                     0x000218d1   Thumb Code    10  nrf_drv_uart.o(i.nrf_uart_event_check)
    i.nrf_uart_event_clear                   0x000218da   Section        0  nrf_drv_uart.o(i.nrf_uart_event_clear)
    nrf_uart_event_clear                     0x000218db   Thumb Code    12  nrf_drv_uart.o(i.nrf_uart_event_clear)
    i.nrf_uart_int_enable_check              0x000218e6   Section        0  nrf_drv_uart.o(i.nrf_uart_int_enable_check)
    nrf_uart_int_enable_check                0x000218e7   Thumb Code    12  nrf_drv_uart.o(i.nrf_uart_int_enable_check)
    i.nrf_uarte_event_check                  0x000218f2   Section        0  nrf_drv_uart.o(i.nrf_uarte_event_check)
    nrf_uarte_event_check                    0x000218f3   Thumb Code    10  nrf_drv_uart.o(i.nrf_uarte_event_check)
    i.nrf_uarte_event_clear                  0x000218fc   Section        0  nrf_drv_uart.o(i.nrf_uarte_event_clear)
    nrf_uarte_event_clear                    0x000218fd   Thumb Code    12  nrf_drv_uart.o(i.nrf_uarte_event_clear)
    i.nus_data_handler                       0x00021908   Section        0  main.o(i.nus_data_handler)
    nus_data_handler                         0x00021909   Thumb Code    50  main.o(i.nus_data_handler)
    i.on_adv_evt                             0x00021940   Section        0  main.o(i.on_adv_evt)
    on_adv_evt                               0x00021941   Thumb Code    36  main.o(i.on_adv_evt)
    i.on_ble_evt                             0x00021964   Section        0  main.o(i.on_ble_evt)
    on_ble_evt                               0x00021965   Thumb Code   228  main.o(i.on_ble_evt)
    i.pin_in_use_by_port                     0x00021a4c   Section        0  nrf_drv_gpiote.o(i.pin_in_use_by_port)
    pin_in_use_by_port                       0x00021a4d   Thumb Code    20  nrf_drv_gpiote.o(i.pin_in_use_by_port)
    i.pin_in_use_by_te                       0x00021a64   Section        0  nrf_drv_gpiote.o(i.pin_in_use_by_te)
    pin_in_use_by_te                         0x00021a65   Thumb Code    20  nrf_drv_gpiote.o(i.pin_in_use_by_te)
    i.rtc1_stop                              0x00021a7c   Section        0  app_timer.o(i.rtc1_stop)
    rtc1_stop                                0x00021a7d   Thumb Code    52  app_timer.o(i.rtc1_stop)
    i.rx_byte                                0x00021ab8   Section        0  nrf_drv_uart.o(i.rx_byte)
    rx_byte                                  0x00021ab9   Thumb Code    50  nrf_drv_uart.o(i.rx_byte)
    i.rx_char_add                            0x00021aea   Section        0  ble_nus.o(i.rx_char_add)
    rx_char_add                              0x00021aeb   Thumb Code   220  ble_nus.o(i.rx_char_add)
    i.rx_done_event                          0x00021bc6   Section        0  nrf_drv_uart.o(i.rx_done_event)
    rx_done_event                            0x00021bc7   Thumb Code    24  nrf_drv_uart.o(i.rx_done_event)
    i.sd_nvic_EnableIRQ                      0x00021be0   Section        0  softdevice_handler.o(i.sd_nvic_EnableIRQ)
    sd_nvic_EnableIRQ                        0x00021be1   Thumb Code   106  softdevice_handler.o(i.sd_nvic_EnableIRQ)
    i.service_data_encode                    0x00021c50   Section        0  ble_advdata.o(i.service_data_encode)
    service_data_encode                      0x00021c51   Thumb Code   136  ble_advdata.o(i.service_data_encode)
    i.set_adv_mode_fast                      0x00021cd8   Section        0  ble_advertising.o(i.set_adv_mode_fast)
    set_adv_mode_fast                        0x00021cd9   Thumb Code    64  ble_advertising.o(i.set_adv_mode_fast)
    i.set_adv_mode_slow                      0x00021d20   Section        0  ble_advertising.o(i.set_adv_mode_slow)
    set_adv_mode_slow                        0x00021d21   Thumb Code    60  ble_advertising.o(i.set_adv_mode_slow)
    i.sleep_mode_enter                       0x00021d64   Section        0  main.o(i.sleep_mode_enter)
    sleep_mode_enter                         0x00021d65   Thumb Code    40  main.o(i.sleep_mode_enter)
    i.softdevice_ble_evt_handler_set         0x00021d8c   Section        0  softdevice_handler.o(i.softdevice_ble_evt_handler_set)
    i.softdevice_enable                      0x00021da0   Section        0  softdevice_handler.o(i.softdevice_enable)
    i.softdevice_enable_get_default_config   0x00021db4   Section        0  softdevice_handler.o(i.softdevice_enable_get_default_config)
    i.softdevice_fault_handler               0x00021dda   Section        0  softdevice_handler.o(i.softdevice_fault_handler)
    i.softdevice_handler_init                0x00021de0   Section        0  softdevice_handler.o(i.softdevice_handler_init)
    i.softdevice_handler_is_enabled          0x00021e44   Section        0  softdevice_handler.o(i.softdevice_handler_is_enabled)
    i.start_playback                         0x00021e50   Section        0  nrf_drv_pwm.o(i.start_playback)
    start_playback                           0x00021e51   Thumb Code    62  nrf_drv_pwm.o(i.start_playback)
    i.timer_list_handler                     0x00021e90   Section        0  app_timer.o(i.timer_list_handler)
    timer_list_handler                       0x00021e91   Thumb Code   134  app_timer.o(i.timer_list_handler)
    i.timer_list_insert                      0x00021f1c   Section        0  app_timer.o(i.timer_list_insert)
    timer_list_insert                        0x00021f1d   Thumb Code    56  app_timer.o(i.timer_list_insert)
    i.timer_stop_op_schedule                 0x00021f58   Section        0  app_timer.o(i.timer_stop_op_schedule)
    timer_stop_op_schedule                   0x00021f59   Thumb Code    68  app_timer.o(i.timer_stop_op_schedule)
    i.timer_timeouts_check                   0x00021fa0   Section        0  app_timer.o(i.timer_timeouts_check)
    timer_timeouts_check                     0x00021fa1   Thumb Code   124  app_timer.o(i.timer_timeouts_check)
    i.tx_byte                                0x00022024   Section        0  nrf_drv_uart.o(i.tx_byte)
    tx_byte                                  0x00022025   Thumb Code    32  nrf_drv_uart.o(i.tx_byte)
    i.tx_char_add                            0x00022044   Section        0  ble_nus.o(i.tx_char_add)
    tx_char_add                              0x00022045   Thumb Code   160  ble_nus.o(i.tx_char_add)
    i.tx_done_event                          0x000220e4   Section        0  nrf_drv_uart.o(i.tx_done_event)
    tx_done_event                            0x000220e5   Thumb Code    28  nrf_drv_uart.o(i.tx_done_event)
    i.uart_irq_handler                       0x00022100   Section        0  nrf_drv_uart.o(i.uart_irq_handler)
    uart_irq_handler                         0x00022101   Thumb Code   286  nrf_drv_uart.o(i.uart_irq_handler)
    i.uarte_irq_handler                      0x0002221e   Section        0  nrf_drv_uart.o(i.uarte_irq_handler)
    uarte_irq_handler                        0x0002221f   Thumb Code   240  nrf_drv_uart.o(i.uarte_irq_handler)
    i.uint16_encode                          0x0002230e   Section        0  ble_advdata.o(i.uint16_encode)
    uint16_encode                            0x0002230f   Thumb Code    10  ble_advdata.o(i.uint16_encode)
    i.user_op_alloc                          0x00022318   Section        0  app_timer.o(i.user_op_alloc)
    user_op_alloc                            0x00022319   Thumb Code    42  app_timer.o(i.user_op_alloc)
    i.uuid_list_encode                       0x00022348   Section        0  ble_advdata.o(i.uuid_list_encode)
    uuid_list_encode                         0x00022349   Thumb Code    48  ble_advdata.o(i.uuid_list_encode)
    i.uuid_list_sized_encode                 0x00022378   Section        0  ble_advdata.o(i.uuid_list_sized_encode)
    uuid_list_sized_encode                   0x00022379   Thumb Code   158  ble_advdata.o(i.uuid_list_sized_encode)
    i.xcorr_pwm_input_disable                0x00022416   Section        0  main.o(i.xcorr_pwm_input_disable)
    i.xcorr_pwm_input_enable                 0x00022428   Section        0  main.o(i.xcorr_pwm_input_enable)
    i.xcorr_pwm_input_handler                0x0002245c   Section        0  main.o(i.xcorr_pwm_input_handler)
    .constdata                               0x00022578   Section       32  main.o(.constdata)
    .constdata                               0x00022598   Section       60  bsp.o(.constdata)
    m_leds_timer_id                          0x00022598   Data           4  bsp.o(.constdata)
    m_alert_timer_id                         0x0002259c   Data           4  bsp.o(.constdata)
    m_button_timer_id                        0x000225a0   Data           4  bsp.o(.constdata)
    m_buttons_list                           0x000225a4   Data          16  bsp.o(.constdata)
    app_buttons                              0x000225b4   Data          32  bsp.o(.constdata)
    .constdata                               0x000225d4   Section        4  ble_conn_params.o(.constdata)
    m_conn_params_timer_id                   0x000225d4   Data           4  ble_conn_params.o(.constdata)
    .constdata                               0x000225d8   Section       16  ble_nus.o(.constdata)
    .data                                    0x20002128   Section      240  main.o(.data)
    send                                     0x20002128   Data           1  main.o(.data)
    start                                    0x20002129   Data           1  main.o(.data)
    stop                                     0x2000212a   Data           1  main.o(.data)
    running                                  0x2000212b   Data           1  main.o(.data)
    index                                    0x20002130   Data           1  main.o(.data)
    m_conn_handle                            0x20002132   Data           2  main.o(.data)
    m_adv_uuids                              0x20002134   Data           4  main.o(.data)
    tx_delay                                 0x20002138   Data           4  main.o(.data)
    m_pwm0                                   0x20002140   Data           8  main.o(.data)
    tx_window                                0x20002148   Data          40  main.o(.data)
    .data                                    0x20002218   Section       24  bsp.o(.data)
    m_stable_state                           0x20002218   Data           1  bsp.o(.data)
    current_long_push_pin_no                 0x20002219   Data           1  bsp.o(.data)
    m_app_ticks_per_100ms                    0x2000221c   Data           4  bsp.o(.data)
    m_indication_type                        0x20002220   Data           4  bsp.o(.data)
    m_alert_mask                             0x20002224   Data           4  bsp.o(.data)
    m_registered_callback                    0x20002228   Data           4  bsp.o(.data)
    release_event_at_push                    0x2000222c   Data           4  bsp.o(.data)
    .data                                    0x20002230   Section        8  bsp_btn_ble.o(.data)
    m_error_handler                          0x20002230   Data           4  bsp_btn_ble.o(.data)
    m_num_connections                        0x20002234   Data           4  bsp_btn_ble.o(.data)
    .data                                    0x20002238   Section       31  ble_advertising.o(.data)
    m_initialized                            0x20002238   Data           1  ble_advertising.o(.data)
    m_advertising_start_pending              0x20002239   Data           1  ble_advertising.o(.data)
    m_adv_evt                                0x2000223a   Data           1  ble_advertising.o(.data)
    m_adv_mode_current                       0x2000223b   Data           1  ble_advertising.o(.data)
    m_peer_addr_reply_expected               0x2000223c   Data           1  ble_advertising.o(.data)
    m_whitelist_temporarily_disabled         0x2000223d   Data           1  ble_advertising.o(.data)
    m_whitelist_reply_expected               0x2000223e   Data           1  ble_advertising.o(.data)
    m_whitelist_in_use                       0x2000223f   Data           1  ble_advertising.o(.data)
    m_current_slave_link_conn_handle         0x20002240   Data           2  ble_advertising.o(.data)
    m_slave_conn_int                         0x20002242   Data           4  ble_advertising.o(.data)
    m_evt_handler                            0x20002248   Data           4  ble_advertising.o(.data)
    m_error_handler                          0x2000224c   Data           4  ble_advertising.o(.data)
    m_peer_address                           0x20002250   Data           7  ble_advertising.o(.data)
    .data                                    0x20002258   Section       20  ble_conn_params.o(.data)
    m_change_param                           0x20002258   Data           1  ble_conn_params.o(.data)
    m_update_count                           0x20002259   Data           1  ble_conn_params.o(.data)
    m_conn_handle                            0x2000225a   Data           2  ble_conn_params.o(.data)
    m_preferred_conn_params                  0x2000225c   Data           8  ble_conn_params.o(.data)
    m_current_conn_params                    0x20002264   Data           8  ble_conn_params.o(.data)
    .data                                    0x2000226c   Section        8  nrf_drv_pwm.o(.data)
    m_cb                                     0x2000226c   Data           8  nrf_drv_pwm.o(.data)
    .data                                    0x20002274   Section       32  app_timer.o(.data)
    m_ticks_elapsed_q_read_ind               0x20002274   Data           1  app_timer.o(.data)
    m_ticks_elapsed_q_write_ind              0x20002275   Data           1  app_timer.o(.data)
    m_rtc1_running                           0x20002276   Data           1  app_timer.o(.data)
    m_rtc1_reset                             0x20002277   Data           1  app_timer.o(.data)
    mp_timer_id_head                         0x20002278   Data           4  app_timer.o(.data)
    m_ticks_latest                           0x2000227c   Data           4  app_timer.o(.data)
    m_evt_schedule_func                      0x20002280   Data           4  app_timer.o(.data)
    m_op_queue                               0x20002284   Data           8  app_timer.o(.data)
    m_ticks_elapsed                          0x2000228c   Data           8  app_timer.o(.data)
    .data                                    0x20002294   Section       20  softdevice_handler.o(.data)
    m_softdevice_enabled                     0x20002294   Data           1  softdevice_handler.o(.data)
    m_suspended                              0x20002295   Data           1  softdevice_handler.o(.data)
    m_ble_evt_buffer_size                    0x20002296   Data           2  softdevice_handler.o(.data)
    m_evt_schedule_func                      0x20002298   Data           4  softdevice_handler.o(.data)
    mp_ble_evt_buffer                        0x2000229c   Data           4  softdevice_handler.o(.data)
    m_ble_evt_handler                        0x200022a0   Data           4  softdevice_handler.o(.data)
    m_sys_evt_handler                        0x200022a4   Data           4  softdevice_handler.o(.data)
    .data                                    0x200022a8   Section        4  system_nrf52.o(.data)
    __tagsym$$used                           0x200022a8   Number         0  system_nrf52.o(.data)
    .bss                                     0x200022ac   Section      416  main.o(.bss)
    BLE_EVT_BUFFER                           0x200022ac   Data          80  main.o(.bss)
    data_array                               0x200022fc   Data          20  main.o(.bss)
    APP_TIMER_BUF                            0x20002310   Data         120  main.o(.bss)
    m_nus                                    0x20002388   Data          28  main.o(.bss)
    .bss                                     0x2000244c   Section       32  bsp.o(.bss)
    m_leds_timer_id_data                     0x2000244c   Data          32  bsp.o(.bss)
    .bss                                     0x2000246c   Section       32  bsp.o(.bss)
    m_alert_timer_id_data                    0x2000246c   Data          32  bsp.o(.bss)
    .bss                                     0x2000248c   Section       12  bsp.o(.bss)
    m_events_list                            0x2000248c   Data          12  bsp.o(.bss)
    .bss                                     0x20002498   Section       32  bsp.o(.bss)
    m_button_timer_id_data                   0x20002498   Data          32  bsp.o(.bss)
    .bss                                     0x200024b8   Section      175  ble_advertising.o(.bss)
    m_adv_modes_config                       0x200024b8   Data          32  ble_advertising.o(.bss)
    m_advdata                                0x200024d8   Data          56  ble_advertising.o(.bss)
    m_manuf_specific_data                    0x20002510   Data          12  ble_advertising.o(.bss)
    m_manuf_data_array                       0x2000251c   Data          31  ble_advertising.o(.bss)
    m_service_data                           0x2000253c   Data          12  ble_advertising.o(.bss)
    m_service_data_array                     0x20002548   Data          31  ble_advertising.o(.bss)
    .bss                                     0x20002568   Section       32  ble_conn_params.o(.bss)
    m_conn_params_timer_id_data              0x20002568   Data          32  ble_conn_params.o(.bss)
    .bss                                     0x20002588   Section       28  ble_conn_params.o(.bss)
    m_conn_params_config                     0x20002588   Data          28  ble_conn_params.o(.bss)
    .bss                                     0x200025a4   Section       20  nrf_drv_clock.o(.bss)
    m_clock_cb                               0x200025a4   Data          20  nrf_drv_clock.o(.bss)
    .bss                                     0x200025b8   Section       88  nrf_drv_gpiote.o(.bss)
    m_cb                                     0x200025b8   Data          88  nrf_drv_gpiote.o(.bss)
    .bss                                     0x20002610   Section       32  nrf_drv_uart.o(.bss)
    m_cb                                     0x20002610   Data          32  nrf_drv_uart.o(.bss)
    .bss                                     0x20002630   Section       12  app_util_platform.o(.bss)
    .bss                                     0x2000263c   Section      104  fstorage.o(.bss)
    m_queue                                  0x2000263c   Data         104  fstorage.o(.bss)
    STACK                                    0x200026a8   Section     8192  arm_startup_nrf52.o(STACK)

    Global Symbols

    Symbol Name                              Value     Ov Type        Size  Object(Section)

    BuildAttributes$$THM_ISAv4$E$P$D$K$B$S$7EM$VFPi3$EXTD16$VFPS$VFMA$PE$A:L22UL41UL21$X:L11$S22US41US21$IEEE1$IW$USESV6$~STKCKD$USESV7$~SHL$OSPACE$EBA8$MICROLIB$REQ8$PRES8$EABIv2 0x00000000   Number         0  anon$$obj.o ABSOLUTE
    __ARM_use_no_argv                        0x00000000   Number         0  main.o ABSOLUTE
    __cpp_initialize__aeabi_                  - Undefined Weak Reference
    __cxa_finalize                            - Undefined Weak Reference
    _clock_init                               - Undefined Weak Reference
    _microlib_exit                            - Undefined Weak Reference
    fs_data$$Base                             - Undefined Reference
    fs_data$$Limit                            - Undefined Reference
    __Vectors_Size                           0x00000400   Number         0  arm_startup_nrf52.o ABSOLUTE
    __Vectors                                0x0001f000   Data           4  arm_startup_nrf52.o(RESET)
    __Vectors_End                            0x0001f400   Data           0  arm_startup_nrf52.o(RESET)
    __main                                   0x0001f401   Thumb Code     0  entry.o(.ARM.Collect$$$$00000000)
    _main_stk                                0x0001f401   Thumb Code     0  entry2.o(.ARM.Collect$$$$00000001)
    _main_scatterload                        0x0001f405   Thumb Code     0  entry5.o(.ARM.Collect$$$$00000004)
    __main_after_scatterload                 0x0001f409   Thumb Code     0  entry5.o(.ARM.Collect$$$$00000004)
    _main_clock                              0x0001f409   Thumb Code     0  entry7b.o(.ARM.Collect$$$$00000008)
    _main_cpp_init                           0x0001f409   Thumb Code     0  entry8b.o(.ARM.Collect$$$$0000000A)
    _main_init                               0x0001f409   Thumb Code     0  entry9a.o(.ARM.Collect$$$$0000000B)
    __rt_final_cpp                           0x0001f411   Thumb Code     0  entry10a.o(.ARM.Collect$$$$0000000D)
    __rt_final_exit                          0x0001f411   Thumb Code     0  entry11a.o(.ARM.Collect$$$$0000000F)
    Reset_Handler                            0x0001f415   Thumb Code     8  arm_startup_nrf52.o(.text)
    NMI_Handler                              0x0001f41d   Thumb Code     2  arm_startup_nrf52.o(.text)
    HardFault_Handler                        0x0001f41f   Thumb Code     2  arm_startup_nrf52.o(.text)
    MemoryManagement_Handler                 0x0001f421   Thumb Code     2  arm_startup_nrf52.o(.text)
    BusFault_Handler                         0x0001f423   Thumb Code     2  arm_startup_nrf52.o(.text)
    UsageFault_Handler                       0x0001f425   Thumb Code     2  arm_startup_nrf52.o(.text)
    SVC_Handler                              0x0001f427   Thumb Code     2  arm_startup_nrf52.o(.text)
    DebugMon_Handler                         0x0001f429   Thumb Code     2  arm_startup_nrf52.o(.text)
    PendSV_Handler                           0x0001f42b   Thumb Code     2  arm_startup_nrf52.o(.text)
    SysTick_Handler                          0x0001f42d   Thumb Code     2  arm_startup_nrf52.o(.text)
    CCM_AAR_IRQHandler                       0x0001f42f   Thumb Code     0  arm_startup_nrf52.o(.text)
    COMP_LPCOMP_IRQHandler                   0x0001f42f   Thumb Code     0  arm_startup_nrf52.o(.text)
    ECB_IRQHandler                           0x0001f42f   Thumb Code     0  arm_startup_nrf52.o(.text)
    FPU_IRQHandler                           0x0001f42f   Thumb Code     0  arm_startup_nrf52.o(.text)
    I2S_IRQHandler                           0x0001f42f   Thumb Code     0  arm_startup_nrf52.o(.text)
    MWU_IRQHandler                           0x0001f42f   Thumb Code     0  arm_startup_nrf52.o(.text)
    NFCT_IRQHandler                          0x0001f42f   Thumb Code     0  arm_startup_nrf52.o(.text)
    PDM_IRQHandler                           0x0001f42f   Thumb Code     0  arm_startup_nrf52.o(.text)
    PWM1_IRQHandler                          0x0001f42f   Thumb Code     0  arm_startup_nrf52.o(.text)
    PWM2_IRQHandler                          0x0001f42f   Thumb Code     0  arm_startup_nrf52.o(.text)
    QDEC_IRQHandler                          0x0001f42f   Thumb Code     0  arm_startup_nrf52.o(.text)
    RADIO_IRQHandler                         0x0001f42f   Thumb Code     0  arm_startup_nrf52.o(.text)
    RNG_IRQHandler                           0x0001f42f   Thumb Code     0  arm_startup_nrf52.o(.text)
    RTC0_IRQHandler                          0x0001f42f   Thumb Code     0  arm_startup_nrf52.o(.text)
    RTC2_IRQHandler                          0x0001f42f   Thumb Code     0  arm_startup_nrf52.o(.text)
    SAADC_IRQHandler                         0x0001f42f   Thumb Code     0  arm_startup_nrf52.o(.text)
    SPIM0_SPIS0_TWIM0_TWIS0_SPI0_TWI0_IRQHandler 0x0001f42f   Thumb Code     0  arm_startup_nrf52.o(.text)
    SPIM1_SPIS1_TWIM1_TWIS1_SPI1_TWI1_IRQHandler 0x0001f42f   Thumb Code     0  arm_startup_nrf52.o(.text)
    SPIM2_SPIS2_SPI2_IRQHandler              0x0001f42f   Thumb Code     0  arm_startup_nrf52.o(.text)
    SWI1_EGU1_IRQHandler                     0x0001f42f   Thumb Code     0  arm_startup_nrf52.o(.text)
    SWI3_EGU3_IRQHandler                     0x0001f42f   Thumb Code     0  arm_startup_nrf52.o(.text)
    SWI4_EGU4_IRQHandler                     0x0001f42f   Thumb Code     0  arm_startup_nrf52.o(.text)
    SWI5_EGU5_IRQHandler                     0x0001f42f   Thumb Code     0  arm_startup_nrf52.o(.text)
    TEMP_IRQHandler                          0x0001f42f   Thumb Code     0  arm_startup_nrf52.o(.text)
    TIMER0_IRQHandler                        0x0001f42f   Thumb Code     0  arm_startup_nrf52.o(.text)
    TIMER1_IRQHandler                        0x0001f42f   Thumb Code     0  arm_startup_nrf52.o(.text)
    TIMER2_IRQHandler                        0x0001f42f   Thumb Code     0  arm_startup_nrf52.o(.text)
    TIMER3_IRQHandler                        0x0001f42f   Thumb Code     0  arm_startup_nrf52.o(.text)
    TIMER4_IRQHandler                        0x0001f42f   Thumb Code     0  arm_startup_nrf52.o(.text)
    WDT_IRQHandler                           0x0001f42f   Thumb Code     0  arm_startup_nrf52.o(.text)
    __aeabi_memcpy                           0x0001f439   Thumb Code    36  memcpya.o(.text)
    __aeabi_memcpy4                          0x0001f439   Thumb Code     0  memcpya.o(.text)
    __aeabi_memcpy8                          0x0001f439   Thumb Code     0  memcpya.o(.text)
    __aeabi_memset                           0x0001f45d   Thumb Code    14  memseta.o(.text)
    __aeabi_memset4                          0x0001f45d   Thumb Code     0  memseta.o(.text)
    __aeabi_memset8                          0x0001f45d   Thumb Code     0  memseta.o(.text)
    __aeabi_memclr                           0x0001f46b   Thumb Code     4  memseta.o(.text)
    __aeabi_memclr4                          0x0001f46b   Thumb Code     0  memseta.o(.text)
    __aeabi_memclr8                          0x0001f46b   Thumb Code     0  memseta.o(.text)
    _memset$wrapper                          0x0001f46f   Thumb Code    18  memseta.o(.text)
    __scatterload                            0x0001f481   Thumb Code    28  init.o(.text)
    __scatterload_rt2                        0x0001f481   Thumb Code     0  init.o(.text)
    __decompress                             0x0001f4a5   Thumb Code     0  __dczerorl2.o(.text)
    __decompress1                            0x0001f4a5   Thumb Code    86  __dczerorl2.o(.text)
    GPIOTE_IRQHandler                        0x0001f4fd   Thumb Code   318  nrf_drv_gpiote.o(i.GPIOTE_IRQHandler)
    POWER_CLOCK_IRQHandler                   0x0001f6d9   Thumb Code    84  nrf_drv_clock.o(i.POWER_CLOCK_IRQHandler)
    PWM0_IRQHandler                          0x0001f731   Thumb Code     8  nrf_drv_pwm.o(i.PWM0_IRQHandler)
    RTC1_IRQHandler                          0x0001f741   Thumb Code    32  app_timer.o(i.RTC1_IRQHandler)
    SWI0_EGU0_IRQHandler                     0x0001f765   Thumb Code     4  app_timer.o(i.SWI0_EGU0_IRQHandler)
    SWI2_EGU2_IRQHandler                     0x0001f769   Thumb Code    32  softdevice_handler.o(i.SWI2_EGU2_IRQHandler)
    SystemInit                               0x0001f88d   Thumb Code   566  system_nrf52.o(i.SystemInit)
    UARTE0_UART0_IRQHandler                  0x0001faf9   Thumb Code    20  nrf_drv_uart.o(i.UARTE0_UART0_IRQHandler)
    __scatterload_copy                       0x0001fb15   Thumb Code    14  handlers.o(i.__scatterload_copy)
    __scatterload_null                       0x0001fb23   Thumb Code     2  handlers.o(i.__scatterload_null)
    __scatterload_zeroinit                   0x0001fb25   Thumb Code    14  handlers.o(i.__scatterload_zeroinit)
    adv_data_encode                          0x0001fb59   Thumb Code   386  ble_advdata.o(i.adv_data_encode)
    app_error_fault_handler                  0x0001fd6d   Thumb Code    26  app_error_weak.o(i.app_error_fault_handler)
    app_error_handler_bare                   0x0001fd91   Thumb Code    22  app_error.o(i.app_error_handler_bare)
    app_timer_init                           0x0001fda9   Thumb Code   102  app_timer.o(i.app_timer_init)
    app_timer_start                          0x0001fe19   Thumb Code   128  app_timer.o(i.app_timer_start)
    app_timer_stop                           0x0001fea1   Thumb Code    26  app_timer.o(i.app_timer_stop)
    app_util_critical_region_enter           0x0001fec1   Thumb Code    64  app_util_platform.o(i.app_util_critical_region_enter)
    app_util_critical_region_exit            0x0001ff09   Thumb Code    46  app_util_platform.o(i.app_util_critical_region_exit)
    ble_advdata_set                          0x0001ff3d   Thumb Code   104  ble_advdata.o(i.ble_advdata_set)
    ble_advertising_init                     0x0001ffa5   Thumb Code   278  ble_advertising.o(i.ble_advertising_init)
    ble_advertising_on_ble_evt               0x000200c5   Thumb Code    88  ble_advertising.o(i.ble_advertising_on_ble_evt)
    ble_advertising_start                    0x00020121   Thumb Code   250  ble_advertising.o(i.ble_advertising_start)
    ble_conn_params_on_ble_evt               0x00020225   Thumb Code   120  ble_conn_params.o(i.ble_conn_params_on_ble_evt)
    ble_nus_init                             0x00020351   Thumb Code    94  ble_nus.o(i.ble_nus_init)
    ble_nus_on_ble_evt                       0x000203b5   Thumb Code    92  ble_nus.o(i.ble_nus_on_ble_evt)
    ble_nus_string_send                      0x00020411   Thumb Code    78  ble_nus.o(i.ble_nus_string_send)
    ble_srv_is_notification_enabled          0x0002045f   Thumb Code     8  ble_srv_common.o(i.ble_srv_is_notification_enabled)
    bsp_btn_ble_on_ble_evt                   0x00020469   Thumb Code   106  bsp_btn_ble.o(i.bsp_btn_ble_on_ble_evt)
    bsp_btn_ble_sleep_mode_prepare           0x000204d9   Thumb Code    18  bsp_btn_ble.o(i.bsp_btn_ble_sleep_mode_prepare)
    bsp_event_to_button_action_assign        0x00020595   Thumb Code    64  bsp.o(i.bsp_event_to_button_action_assign)
    bsp_indication_set                       0x000205d9   Thumb Code    20  bsp.o(i.bsp_indication_set)
    bsp_wakeup_buttons_set                   0x00020815   Thumb Code    54  bsp.o(i.bsp_wakeup_buttons_set)
    fs_queued_op_count_get                   0x00020b99   Thumb Code    16  fstorage.o(i.fs_queued_op_count_get)
    intern_softdevice_events_execute         0x00020c19   Thumb Code   114  softdevice_handler.o(i.intern_softdevice_events_execute)
    main                                     0x00020ead   Thumb Code   624  main.o(i.main)
    nrf_drv_clock_init                       0x0002136d   Thumb Code    46  nrf_drv_clock.o(i.nrf_drv_clock_init)
    nrf_drv_clock_on_sd_enable               0x000213a5   Thumb Code    44  nrf_drv_clock.o(i.nrf_drv_clock_on_sd_enable)
    nrf_drv_clock_on_soc_event               0x000213d5   Thumb Code    10  nrf_drv_clock.o(i.nrf_drv_clock_on_soc_event)
    nrf_drv_common_irq_enable                0x000213df   Thumb Code    56  nrf_drv_common.o(i.nrf_drv_common_irq_enable)
    nrf_drv_gpiote_in_event_disable          0x00021419   Thumb Code    66  nrf_drv_gpiote.o(i.nrf_drv_gpiote_in_event_disable)
    nrf_drv_gpiote_in_event_enable           0x00021461   Thumb Code   150  nrf_drv_gpiote.o(i.nrf_drv_gpiote_in_event_enable)
    nrf_drv_gpiote_in_init                   0x00021505   Thumb Code   170  nrf_drv_gpiote.o(i.nrf_drv_gpiote_in_init)
    nrf_drv_gpiote_in_uninit                 0x000215bd   Thumb Code    64  nrf_drv_gpiote.o(i.nrf_drv_gpiote_in_uninit)
    nrf_drv_gpiote_init                      0x00021605   Thumb Code    84  nrf_drv_gpiote.o(i.nrf_drv_gpiote_init)
    nrf_drv_pwm_init                         0x00021661   Thumb Code   156  nrf_drv_pwm.o(i.nrf_drv_pwm_init)
    nrf_drv_pwm_simple_playback              0x00021701   Thumb Code   106  nrf_drv_pwm.o(i.nrf_drv_pwm_simple_playback)
    nrf_drv_pwm_uninit                       0x00021771   Thumb Code    48  nrf_drv_pwm.o(i.nrf_drv_pwm_uninit)
    softdevice_ble_evt_handler_set           0x00021d8d   Thumb Code    14  softdevice_handler.o(i.softdevice_ble_evt_handler_set)
    softdevice_enable                        0x00021da1   Thumb Code    14  softdevice_handler.o(i.softdevice_enable)
    softdevice_enable_get_default_config     0x00021db5   Thumb Code    38  softdevice_handler.o(i.softdevice_enable_get_default_config)
    softdevice_fault_handler                 0x00021ddb   Thumb Code     4  softdevice_handler.o(i.softdevice_fault_handler)
    softdevice_handler_init                  0x00021de1   Thumb Code    92  softdevice_handler.o(i.softdevice_handler_init)
    softdevice_handler_is_enabled            0x00021e45   Thumb Code     6  softdevice_handler.o(i.softdevice_handler_is_enabled)
    xcorr_pwm_input_disable                  0x00022417   Thumb Code    18  main.o(i.xcorr_pwm_input_disable)
    xcorr_pwm_input_enable                   0x00022429   Thumb Code    44  main.o(i.xcorr_pwm_input_enable)
    xcorr_pwm_input_handler                  0x0002245d   Thumb Code   278  main.o(i.xcorr_pwm_input_handler)
    Region$$Table$$Base                      0x000225e8   Number         0  anon$$obj.o(Region$$Table)
    Region$$Table$$Limit                     0x00022608   Number         0  anon$$obj.o(Region$$Table)
    Image$$RW_IRAM1$$Base                    0x20002128   Number         0  anon$$obj.o ABSOLUTE
    pwm_polarity_flag                        0x2000212c   Data           1  main.o(.data)
    tx_flag                                  0x2000212d   Data           1  main.o(.data)
    var_mux_state                            0x2000212e   Data           1  main.o(.data)
    channel_idx                              0x2000212f   Data           1  main.o(.data)
    sample_index                             0x2000213c   Data           4  main.o(.data)
    ScanChain_input                          0x20002170   Data         168  main.o(.data)
    SystemCoreClock                          0x200022a8   Data           4  system_nrf52.o(.data)
    ScanChain_output                         0x200023a4   Data         168  main.o(.bss)
    nrf_nvic_state                           0x20002630   Data          12  app_util_platform.o(.bss)
    __initial_sp                             0x200046a8   Data           0  arm_startup_nrf52.o(STACK)



==============================================================================

Memory Map of the image

  Image Entry point : 0x0001f401

  Load Region LR_IROM1 (Base: 0x0001f000, Size: 0x0000378c, Max: 0x00061000, ABSOLUTE, COMPRESSED[0x0000362c])

    Execution Region ER_IROM1 (Base: 0x0001f000, Size: 0x00003608, Max: 0x00061000, ABSOLUTE)

    Base Addr    Size         Type   Attr      Idx    E Section Name        Object

    0x0001f000   0x00000400   Data   RO         2422    RESET               arm_startup_nrf52.o
    0x0001f400   0x00000000   Code   RO         2463  * .ARM.Collect$$$$00000000  mc_w.l(entry.o)
    0x0001f400   0x00000004   Code   RO         2474    .ARM.Collect$$$$00000001  mc_w.l(entry2.o)
    0x0001f404   0x00000004   Code   RO         2477    .ARM.Collect$$$$00000004  mc_w.l(entry5.o)
    0x0001f408   0x00000000   Code   RO         2479    .ARM.Collect$$$$00000008  mc_w.l(entry7b.o)
    0x0001f408   0x00000000   Code   RO         2481    .ARM.Collect$$$$0000000A  mc_w.l(entry8b.o)
    0x0001f408   0x00000008   Code   RO         2482    .ARM.Collect$$$$0000000B  mc_w.l(entry9a.o)
    0x0001f410   0x00000000   Code   RO         2484    .ARM.Collect$$$$0000000D  mc_w.l(entry10a.o)
    0x0001f410   0x00000000   Code   RO         2486    .ARM.Collect$$$$0000000F  mc_w.l(entry11a.o)
    0x0001f410   0x00000004   Code   RO         2475    .ARM.Collect$$$$00002712  mc_w.l(entry2.o)
    0x0001f414   0x00000024   Code   RO         2423    .text               arm_startup_nrf52.o
    0x0001f438   0x00000024   Code   RO         2466    .text               mc_w.l(memcpya.o)
    0x0001f45c   0x00000024   Code   RO         2468    .text               mc_w.l(memseta.o)
    0x0001f480   0x00000024   Code   RO         2488    .text               mc_w.l(init.o)
    0x0001f4a4   0x00000056   Code   RO         2498    .text               mc_w.l(__dczerorl2.o)
    0x0001f4fa   0x00000002   PAD
    0x0001f4fc   0x0000014c   Code   RO         1082    i.GPIOTE_IRQHandler  nrf_drv_gpiote.o
    0x0001f648   0x00000016   Code   RO         1830    i.NVIC_ClearPendingIRQ  app_timer.o
    0x0001f65e   0x00000016   Code   RO         2278    i.NVIC_DisableIRQ   softdevice_handler.o
    0x0001f674   0x00000016   Code   RO         1831    i.NVIC_EnableIRQ    app_timer.o
    0x0001f68a   0x00000016   Code   RO         2279    i.NVIC_EnableIRQ    softdevice_handler.o
    0x0001f6a0   0x00000016   Code   RO         1832    i.NVIC_SetPendingIRQ  app_timer.o
    0x0001f6b6   0x00000020   Code   RO         1833    i.NVIC_SetPriority  app_timer.o
    0x0001f6d6   0x00000002   PAD
    0x0001f6d8   0x00000058   Code   RO          883    i.POWER_CLOCK_IRQHandler  nrf_drv_clock.o
    0x0001f730   0x00000010   Code   RO         1506    i.PWM0_IRQHandler   nrf_drv_pwm.o
    0x0001f740   0x00000024   Code   RO         1834    i.RTC1_IRQHandler   app_timer.o
    0x0001f764   0x00000004   Code   RO         1835    i.SWI0_EGU0_IRQHandler  app_timer.o
    0x0001f768   0x00000024   Code   RO         2280    i.SWI2_EGU2_IRQHandler  softdevice_handler.o
    0x0001f78c   0x00000100   Code   RO            4    i.ScanChain_rotate  main.o
    0x0001f88c   0x0000026c   Code   RO         2431    i.SystemInit        system_nrf52.o
    0x0001faf8   0x0000001c   Code   RO         1305    i.UARTE0_UART0_IRQHandler  nrf_drv_uart.o
    0x0001fb14   0x0000000e   Code   RO         2492    i.__scatterload_copy  mc_w.l(handlers.o)
    0x0001fb22   0x00000002   Code   RO         2493    i.__scatterload_null  mc_w.l(handlers.o)
    0x0001fb24   0x0000000e   Code   RO         2494    i.__scatterload_zeroinit  mc_w.l(handlers.o)
    0x0001fb32   0x00000002   PAD
    0x0001fb34   0x00000024   Code   RO         2281    i.__sd_nvic_app_accessible_irq  softdevice_handler.o
    0x0001fb58   0x00000182   Code   RO          526    i.adv_data_encode   ble_advdata.o
    0x0001fcda   0x00000002   PAD
    0x0001fcdc   0x00000058   Code   RO          615    i.adv_mode_next_avail_get  ble_advertising.o
    0x0001fd34   0x00000036   Code   RO          483    i.advertising_buttons_configure  bsp_btn_ble.o
    0x0001fd6a   0x00000002   PAD
    0x0001fd6c   0x00000024   Code   RO         1723    i.app_error_fault_handler  app_error_weak.o
    0x0001fd90   0x00000016   Code   RO         1678    i.app_error_handler_bare  app_error.o
    0x0001fda6   0x00000002   PAD
    0x0001fda8   0x00000070   Code   RO         1839    i.app_timer_init    app_timer.o
    0x0001fe18   0x00000088   Code   RO         1840    i.app_timer_start   app_timer.o
    0x0001fea0   0x00000020   Code   RO         1841    i.app_timer_stop    app_timer.o
    0x0001fec0   0x00000048   Code   RO         2059    i.app_util_critical_region_enter  app_util_platform.o
    0x0001ff08   0x00000034   Code   RO         2060    i.app_util_critical_region_exit  app_util_platform.o
    0x0001ff3c   0x00000068   Code   RO          527    i.ble_advdata_set   ble_advdata.o
    0x0001ffa4   0x00000120   Code   RO          616    i.ble_advertising_init  ble_advertising.o
    0x000200c4   0x0000005c   Code   RO          617    i.ble_advertising_on_ble_evt  ble_advertising.o
    0x00020120   0x00000104   Code   RO          621    i.ble_advertising_start  ble_advertising.o
    0x00020224   0x00000084   Code   RO          710    i.ble_conn_params_on_ble_evt  ble_conn_params.o
    0x000202a8   0x00000060   Code   RO          528    i.ble_device_addr_encode  ble_advdata.o
    0x00020308   0x00000048   Code   RO            6    i.ble_evt_dispatch  main.o
    0x00020350   0x00000064   Code   RO          836    i.ble_nus_init      ble_nus.o
    0x000203b4   0x0000005c   Code   RO          837    i.ble_nus_on_ble_evt  ble_nus.o
    0x00020410   0x0000004e   Code   RO          838    i.ble_nus_string_send  ble_nus.o
    0x0002045e   0x00000008   Code   RO          779    i.ble_srv_is_notification_enabled  ble_srv_common.o
    0x00020466   0x00000002   PAD
    0x00020468   0x00000070   Code   RO          485    i.bsp_btn_ble_on_ble_evt  bsp_btn_ble.o
    0x000204d8   0x00000012   Code   RO          486    i.bsp_btn_ble_sleep_mode_prepare  bsp_btn_ble.o
    0x000204ea   0x00000002   PAD
    0x000204ec   0x000000a8   Code   RO          361    i.bsp_button_event_handler  bsp.o
    0x00020594   0x00000044   Code   RO          366    i.bsp_event_to_button_action_assign  bsp.o
    0x000205d8   0x00000018   Code   RO          367    i.bsp_indication_set  bsp.o
    0x000205f0   0x00000224   Code   RO          370    i.bsp_led_indication  bsp.o
    0x00020814   0x0000003c   Code   RO          371    i.bsp_wakeup_buttons_set  bsp.o
    0x00020850   0x0000001c   Code   RO         1083    i.channel_free      nrf_drv_gpiote.o
    0x0002086c   0x00000048   Code   RO         1084    i.channel_port_alloc  nrf_drv_gpiote.o
    0x000208b4   0x00000010   Code   RO         1085    i.channel_port_get  nrf_drv_gpiote.o
    0x000208c4   0x00000028   Code   RO          884    i.clock_clk_started_notify  nrf_drv_clock.o
    0x000208ec   0x000000ac   Code   RO         1843    i.compare_reg_update  app_timer.o
    0x00020998   0x00000068   Code   RO         1507    i.configure_pins    nrf_drv_pwm.o
    0x00020a00   0x00000088   Code   RO          529    i.conn_int_encode   ble_advdata.o
    0x00020a88   0x0000005c   Code   RO          712    i.conn_params_negotiation  ble_conn_params.o
    0x00020ae4   0x00000072   Code   RO            8    i.data_pins_init    main.o
    0x00020b56   0x00000002   PAD
    0x00020b58   0x00000040   Code   RO         1844    i.elapsed_ticks_acquire  app_timer.o
    0x00020b98   0x00000014   Code   RO         2115    i.fs_queued_op_count_get  fstorage.o
    0x00020bac   0x0000006c   Code   RO            9    i.gap_params_init   main.o
    0x00020c18   0x00000078   Code   RO         2282    i.intern_softdevice_events_execute  softdevice_handler.o
    0x00020c90   0x0000009e   Code   RO         1508    i.irq_handler       nrf_drv_pwm.o
    0x00020d2e   0x00000002   PAD
    0x00020d30   0x0000001c   Code   RO          713    i.is_conn_params_ok  ble_conn_params.o
    0x00020d4c   0x000000a8   Code   RO         1845    i.list_deletions_handler  app_timer.o
    0x00020df4   0x000000b8   Code   RO         1846    i.list_insertions_handler  app_timer.o
    0x00020eac   0x00000288   Code   RO           10    i.main              main.o
    0x00021134   0x00000064   Code   RO          530    i.manuf_specific_data_encode  ble_advdata.o
    0x00021198   0x0000009c   Code   RO          531    i.name_encode       ble_advdata.o
    0x00021234   0x0000000e   Code   RO          888    i.nrf_clock_event_check  nrf_drv_clock.o
    0x00021242   0x00000010   Code   RO          889    i.nrf_clock_event_clear  nrf_drv_clock.o
    0x00021252   0x00000002   PAD
    0x00021254   0x0000008c   Code   RO           11    i.nrf_delay_us      main.o
    0x000212e0   0x0000008c   Code   RO         1847    i.nrf_delay_us      app_timer.o
    0x0002136c   0x00000038   Code   RO          896    i.nrf_drv_clock_init  nrf_drv_clock.o
    0x000213a4   0x00000030   Code   RO          902    i.nrf_drv_clock_on_sd_enable  nrf_drv_clock.o
    0x000213d4   0x0000000a   Code   RO          903    i.nrf_drv_clock_on_soc_event  nrf_drv_clock.o
    0x000213de   0x00000038   Code   RO         1044    i.nrf_drv_common_irq_enable  nrf_drv_common.o
    0x00021416   0x00000002   PAD
    0x00021418   0x00000048   Code   RO         1089    i.nrf_drv_gpiote_in_event_disable  nrf_drv_gpiote.o
    0x00021460   0x000000a4   Code   RO         1090    i.nrf_drv_gpiote_in_event_enable  nrf_drv_gpiote.o
    0x00021504   0x000000b8   Code   RO         1091    i.nrf_drv_gpiote_in_init  nrf_drv_gpiote.o
    0x000215bc   0x00000048   Code   RO         1093    i.nrf_drv_gpiote_in_uninit  nrf_drv_gpiote.o
    0x00021604   0x0000005c   Code   RO         1094    i.nrf_drv_gpiote_init  nrf_drv_gpiote.o
    0x00021660   0x000000a0   Code   RO         1510    i.nrf_drv_pwm_init  nrf_drv_pwm.o
    0x00021700   0x00000070   Code   RO         1512    i.nrf_drv_pwm_simple_playback  nrf_drv_pwm.o
    0x00021770   0x00000034   Code   RO         1514    i.nrf_drv_pwm_uninit  nrf_drv_pwm.o
    0x000217a4   0x00000022   Code   RO           12    i.nrf_gpio_cfg      main.o
    0x000217c6   0x00000022   Code   RO         1109    i.nrf_gpio_cfg      nrf_drv_gpiote.o
    0x000217e8   0x00000012   Code   RO         1110    i.nrf_gpio_cfg_default  nrf_drv_gpiote.o
    0x000217fa   0x00000012   Code   RO           13    i.nrf_gpio_cfg_input  main.o
    0x0002180c   0x00000014   Code   RO           14    i.nrf_gpio_cfg_output  main.o
    0x00021820   0x0000001c   Code   RO         1111    i.nrf_gpio_cfg_sense_set  nrf_drv_gpiote.o
    0x0002183c   0x00000010   Code   RO           15    i.nrf_gpio_pin_clear  main.o
    0x0002184c   0x00000010   Code   RO           16    i.nrf_gpio_pin_read  main.o
    0x0002185c   0x00000010   Code   RO           17    i.nrf_gpio_pin_set  main.o
    0x0002186c   0x00000014   Code   RO         1112    i.nrf_gpiote_event_clear  nrf_drv_gpiote.o
    0x00021880   0x00000010   Code   RO         1113    i.nrf_gpiote_event_is_set  nrf_drv_gpiote.o
    0x00021890   0x0000000a   Code   RO         1515    i.nrf_pwm_event_check  nrf_drv_pwm.o
    0x0002189a   0x0000000c   Code   RO         1516    i.nrf_pwm_event_clear  nrf_drv_pwm.o
    0x000218a6   0x0000000c   Code   RO         1517    i.nrf_pwm_int_enable_check  nrf_drv_pwm.o
    0x000218b2   0x0000001e   Code   RO         1518    i.nrf_pwm_sequence_set  nrf_drv_pwm.o
    0x000218d0   0x0000000a   Code   RO         1323    i.nrf_uart_event_check  nrf_drv_uart.o
    0x000218da   0x0000000c   Code   RO         1324    i.nrf_uart_event_clear  nrf_drv_uart.o
    0x000218e6   0x0000000c   Code   RO         1325    i.nrf_uart_int_enable_check  nrf_drv_uart.o
    0x000218f2   0x0000000a   Code   RO         1326    i.nrf_uarte_event_check  nrf_drv_uart.o
    0x000218fc   0x0000000c   Code   RO         1327    i.nrf_uarte_event_clear  nrf_drv_uart.o
    0x00021908   0x00000038   Code   RO           18    i.nus_data_handler  main.o
    0x00021940   0x00000024   Code   RO           19    i.on_adv_evt        main.o
    0x00021964   0x000000e8   Code   RO           20    i.on_ble_evt        main.o
    0x00021a4c   0x00000018   Code   RO         1114    i.pin_in_use_by_port  nrf_drv_gpiote.o
    0x00021a64   0x00000018   Code   RO         1115    i.pin_in_use_by_te  nrf_drv_gpiote.o
    0x00021a7c   0x0000003c   Code   RO         1848    i.rtc1_stop         app_timer.o
    0x00021ab8   0x00000032   Code   RO         1329    i.rx_byte           nrf_drv_uart.o
    0x00021aea   0x000000dc   Code   RO          839    i.rx_char_add       ble_nus.o
    0x00021bc6   0x00000018   Code   RO         1330    i.rx_done_event     nrf_drv_uart.o
    0x00021bde   0x00000002   PAD
    0x00021be0   0x00000070   Code   RO         2284    i.sd_nvic_EnableIRQ  softdevice_handler.o
    0x00021c50   0x00000088   Code   RO          532    i.service_data_encode  ble_advdata.o
    0x00021cd8   0x00000048   Code   RO          623    i.set_adv_mode_fast  ble_advertising.o
    0x00021d20   0x00000044   Code   RO          624    i.set_adv_mode_slow  ble_advertising.o
    0x00021d64   0x00000028   Code   RO           21    i.sleep_mode_enter  main.o
    0x00021d8c   0x00000014   Code   RO         2285    i.softdevice_ble_evt_handler_set  softdevice_handler.o
    0x00021da0   0x00000014   Code   RO         2286    i.softdevice_enable  softdevice_handler.o
    0x00021db4   0x00000026   Code   RO         2287    i.softdevice_enable_get_default_config  softdevice_handler.o
    0x00021dda   0x00000004   Code   RO         2288    i.softdevice_fault_handler  softdevice_handler.o
    0x00021dde   0x00000002   PAD
    0x00021de0   0x00000064   Code   RO         2289    i.softdevice_handler_init  softdevice_handler.o
    0x00021e44   0x0000000c   Code   RO         2290    i.softdevice_handler_is_enabled  softdevice_handler.o
    0x00021e50   0x0000003e   Code   RO         1519    i.start_playback    nrf_drv_pwm.o
    0x00021e8e   0x00000002   PAD
    0x00021e90   0x0000008c   Code   RO         1849    i.timer_list_handler  app_timer.o
    0x00021f1c   0x0000003c   Code   RO         1850    i.timer_list_insert  app_timer.o
    0x00021f58   0x00000048   Code   RO         1851    i.timer_stop_op_schedule  app_timer.o
    0x00021fa0   0x00000084   Code   RO         1852    i.timer_timeouts_check  app_timer.o
    0x00022024   0x00000020   Code   RO         1332    i.tx_byte           nrf_drv_uart.o
    0x00022044   0x000000a0   Code   RO          840    i.tx_char_add       ble_nus.o
    0x000220e4   0x0000001c   Code   RO         1333    i.tx_done_event     nrf_drv_uart.o
    0x00022100   0x0000011e   Code   RO         1334    i.uart_irq_handler  nrf_drv_uart.o
    0x0002221e   0x000000f0   Code   RO         1335    i.uarte_irq_handler  nrf_drv_uart.o
    0x0002230e   0x0000000a   Code   RO          533    i.uint16_encode     ble_advdata.o
    0x00022318   0x00000030   Code   RO         1853    i.user_op_alloc     app_timer.o
    0x00022348   0x00000030   Code   RO          534    i.uuid_list_encode  ble_advdata.o
    0x00022378   0x0000009e   Code   RO          535    i.uuid_list_sized_encode  ble_advdata.o
    0x00022416   0x00000012   Code   RO           24    i.xcorr_pwm_input_disable  main.o
    0x00022428   0x00000034   Code   RO           25    i.xcorr_pwm_input_enable  main.o
    0x0002245c   0x0000011c   Code   RO           26    i.xcorr_pwm_input_handler  main.o
    0x00022578   0x00000020   Data   RO           28    .constdata          main.o
    0x00022598   0x0000003c   Data   RO          379    .constdata          bsp.o
    0x000225d4   0x00000004   Data   RO          717    .constdata          ble_conn_params.o
    0x000225d8   0x00000010   Data   RO          841    .constdata          ble_nus.o
    0x000225e8   0x00000020   Data   RO         2490    Region$$Table       anon$$obj.o


    Execution Region RW_IRAM1 (Base: 0x20002128, Size: 0x00002580, Max: 0x0000ded8, ABSOLUTE, COMPRESSED[0x00000024])

    Base Addr    Size         Type   Attr      Idx    E Section Name        Object

    0x20002128   0x000000f0   Data   RW           29    .data               main.o
    0x20002218   0x00000018   Data   RW          380    .data               bsp.o
    0x20002230   0x00000008   Data   RW          487    .data               bsp_btn_ble.o
    0x20002238   0x0000001f   Data   RW          626    .data               ble_advertising.o
    0x20002257   0x00000001   PAD
    0x20002258   0x00000014   Data   RW          718    .data               ble_conn_params.o
    0x2000226c   0x00000008   Data   RW         1520    .data               nrf_drv_pwm.o
    0x20002274   0x00000020   Data   RW         1854    .data               app_timer.o
    0x20002294   0x00000014   Data   RW         2296    .data               softdevice_handler.o
    0x200022a8   0x00000004   Data   RW         2432    .data               system_nrf52.o
    0x200022ac   0x000001a0   Zero   RW           27    .bss                main.o
    0x2000244c   0x00000020   Zero   RW          375    .bss                bsp.o
    0x2000246c   0x00000020   Zero   RW          376    .bss                bsp.o
    0x2000248c   0x0000000c   Zero   RW          377    .bss                bsp.o
    0x20002498   0x00000020   Zero   RW          378    .bss                bsp.o
    0x200024b8   0x000000af   Zero   RW          625    .bss                ble_advertising.o
    0x20002567   0x00000001   PAD
    0x20002568   0x00000020   Zero   RW          715    .bss                ble_conn_params.o
    0x20002588   0x0000001c   Zero   RW          716    .bss                ble_conn_params.o
    0x200025a4   0x00000014   Zero   RW          905    .bss                nrf_drv_clock.o
    0x200025b8   0x00000058   Zero   RW         1116    .bss                nrf_drv_gpiote.o
    0x20002610   0x00000020   Zero   RW         1336    .bss                nrf_drv_uart.o
    0x20002630   0x0000000c   Zero   RW         2063    .bss                app_util_platform.o
    0x2000263c   0x00000068   Zero   RW         2124    .bss                fstorage.o
    0x200026a4   0x00000004   PAD
    0x200026a8   0x00002000   Zero   RW         2420    STACK               arm_startup_nrf52.o


==============================================================================

Image component sizes


      Code (inc. data)   RO Data    RW Data    ZI Data      Debug   Object Name

        22          0          0          0          0       2249   app_error.o
        36         10          0          0          0      27361   app_error_weak.o
      1658        110          0         32          0      51876   app_timer.o
       124         14          0          0         12       9530   app_util_platform.o
        36          8       1024          0       8192        932   arm_startup_nrf52.o
      1330          0          0          0          0      18912   ble_advdata.o
       868         54          0         31        175       9908   ble_advertising.o
       252         30          4         20         60       4205   ble_conn_params.o
       650          6         16          0          0       5918   ble_nus.o
         8          0          0          0          0       1470   ble_srv_common.o
       868         64         60         24        108      11158   bsp.o
       184          6          0          8          0       4022   bsp_btn_ble.o
        20          4          0          0        104       3796   fstorage.o
      2176        104         32        240        416     135206   main.o
       272         24          0          0         20      37387   nrf_drv_clock.o
        56          0          0          0          0      28955   nrf_drv_common.o
      1196         98          0          0         88      25925   nrf_drv_gpiote.o
       728         28          0          8          0      21497   nrf_drv_pwm.o
       744          8          0          0         32      23832   nrf_drv_uart.o
       542         46          0         20          0      41495   softdevice_handler.o
       620         54          0          4          0       2627   system_nrf52.o

    ----------------------------------------------------------------------
     12416        668       1168        388       9212     468261   Object Totals
         0          0         32          0          0          0   (incl. Generated)
        26          0          0          1          5          0   (incl. Padding)

    ----------------------------------------------------------------------

      Code (inc. data)   RO Data    RW Data    ZI Data      Debug   Library Member Name

        86          0          0          0          0          0   __dczerorl2.o
         0          0          0          0          0          0   entry.o
         0          0          0          0          0          0   entry10a.o
         0          0          0          0          0          0   entry11a.o
         8          4          0          0          0          0   entry2.o
         4          0          0          0          0          0   entry5.o
         0          0          0          0          0          0   entry7b.o
         0          0          0          0          0          0   entry8b.o
         8          4          0          0          0          0   entry9a.o
        30          0          0          0          0          0   handlers.o
        36          8          0          0          0         68   init.o
        36          0          0          0          0         68   memcpya.o
        36          0          0          0          0        108   memseta.o

    ----------------------------------------------------------------------
       248         16          0          0          0        244   Library Totals
         4          0          0          0          0          0   (incl. Padding)

    ----------------------------------------------------------------------

      Code (inc. data)   RO Data    RW Data    ZI Data      Debug   Library Name

       244         16          0          0          0        244   mc_w.l

    ----------------------------------------------------------------------
       248         16          0          0          0        244   Library Totals

    ----------------------------------------------------------------------

==============================================================================


      Code (inc. data)   RO Data    RW Data    ZI Data      Debug   

     12664        684       1168        388       9212     455537   Grand Totals
     12664        684       1168         36       9212     455537   ELF Image Totals (compressed)
     12664        684       1168         36          0          0   ROM Totals

==============================================================================

    Total RO  Size (Code + RO Data)                13832 (  13.51kB)
    Total RW  Size (RW Data + ZI Data)              9600 (   9.38kB)
    Total ROM Size (Code + RO Data + RW Data)      13868 (  13.54kB)

==============================================================================

