<html>
<body>
<pre>
<h1>µVision Build Log</h1>
<h2>Tool Versions:</h2>
IDE-Version: µVision V5.17.0.0
Copyright (C) 2015 ARM Ltd and ARM Germany GmbH. All rights reserved.
License Information: Stephen Xia, student, LIC=----
 
Tool Versions:
Toolchain:       MDK-Lite  Version: 5.17
Toolchain Path:  C:\Keil_v5\ARM\ARMCC\Bin
C Compiler:      Armcc.exe V5.06 update 1 (build 61)
Assembler:       Armasm.exe V5.06 update 1 (build 61)
Linker/Locator:  ArmLink.exe V5.06 update 1 (build 61)
Library Manager: ArmAr.exe V5.06 update 1 (build 61)
Hex Converter:   FromElf.exe V5.06 update 1 (build 61)
CPU DLL:         SARMCM3.DLL V5.17
Dialog DLL:      DCM.DLL V1.13.4.0
Target DLL:      STLink\ST-LINKIII-KEIL_SWO.dll V2.0.18.0
Dialog DLL:      TCM.DLL V1.14.6.0
 
<h2>Project:</h2>
C:\violet\ps\stm32f446re\STM32F4xx_lib\Project\STM32F4xx_StdPeriph_Templates\MDK-ARM\Project.uvprojx
Project File Date:  10/03/2016

<h2>Output:</h2>
*** Using Compiler 'V5.06 update 1 (build 61)', folder: 'C:\Keil_v5\ARM\ARMCC\Bin'
Rebuild target 'STM32F446xx'
compiling stm32f4xx_dma2d.c...
compiling stm32f4xx_pwr.c...
compiling stm32f4xx_flash.c...
compiling stm32f4xx_wwdg.c...
compiling stm32f4xx_fmpi2c.c...
compiling stm32f4xx_spi.c...
compiling stm32f4xx_hash.c...
compiling stm32f4xx_dfsdm.c...
compiling stm32f4xx_ltdc.c...
compiling stm32f4xx_dbgmcu.c...
compiling stm32f4xx_sdio.c...
compiling stm32f4xx_iwdg.c...
compiling stm32f4xx_cryp.c...
compiling stm32f4xx_cryp_tdes.c...
compiling stm32f4xx_rtc.c...
compiling stm32f4xx_adc.c...
compiling stm32f4xx_cryp_aes.c...
compiling stm32f4xx_cec.c...
compiling stm32f4xx_cryp_des.c...
compiling stm32f4xx_spdifrx.c...
compiling stm32f4xx_i2c.c...
compiling stm32f4xx_crc.c...
compiling stm32f4xx_usart.c...
compiling stm32f4xx_sai.c...
compiling stm32f4xx_rng.c...
compiling stm32f4xx_exti.c...
compiling stm32f4xx_tim.c...
compiling stm32f4xx_dac.c...
compiling stm32f4xx_lptim.c...
compiling stm32f4xx_can.c...
compiling stm32f4xx_dcmi.c...
compiling misc.c...
compiling stm32f4xx_qspi.c...
compiling stm32f4xx_hash_md5.c...
compiling stm32f4xx_rcc.c...
compiling stm32f4xx_dma.c...
compiling stm32f4xx_hash_sha1.c...
compiling stm32f4xx_syscfg.c...
compiling stm32f4xx_gpio.c...
assembling startup_stm32f446xx.s...
compiling system_stm32f4xx.c...
compiling stm32f4xx_fmc.c...
compiling main.c...
../main.c(175): warning:  #177-D: variable "s1" was declared but never referenced
  	long s1 = 0, s2 = 0, s3 = 0, s4 = 0, st1 = 0,st2 = 0,st3 = 0,st4 = 0;
../main.c(175): warning:  #177-D: variable "st1" was declared but never referenced
  	long s1 = 0, s2 = 0, s3 = 0, s4 = 0, st1 = 0,st2 = 0,st3 = 0,st4 = 0;
../main.c(176): warning:  #550-D: variable "me" was set but never used
  	long long me1 = 0, me2 = 0, me3 = 0, me4 = 0,me = 0;
../main.c(1045): warning:  #177-D: variable "j" was declared but never referenced
  	int i, j;
../main.c(1046): warning:  #177-D: variable "temp" was declared but never referenced
  	uint16_t temp;
../main.c(152): warning:  #177-D: variable "k" was declared but never referenced
  static long long int k = -123456;
../main.c: 6 warnings, 0 errors
compiling stm32f4xx_it.c...
linking...
Program Size: Code=6320 RO-data=484 RW-data=104 ZI-data=78008  
FromELF: creating hex file...
"STM32F446xx\STM32F446xx.axf" - 0 Error(s), 6 Warning(s).

<h2>Software Packages used:</h2>

Package Vendor: ARM
                http://www.keil.com/pack/ARM.CMSIS.5.0.0-Beta4.pack
                ARM::CMSIS:CORE:5.0.0
                CMSIS (Cortex Microcontroller Software Interface Standard)
   * Component: CORE Version: 5.0.0

<h2>Collection of Component include folders:</h2>
  C:\violet\ps\stm32f446re\STM32F4xx_lib\Project\STM32F4xx_StdPeriph_Templates\MDK-ARM\RTE
  C:\Keil_v5\ARM\PACK\ARM\CMSIS\5.0.0-Beta4\CMSIS\Include
  C:\Keil_v5\ARM\PACK\Keil\STM32F4xx_DFP\2.9.0\Drivers\CMSIS\Device\ST\STM32F4xx\Include

<h2>Collection of Component Files used:</h2>

   * Component: ARM::CMSIS:CORE:5.0.0
Build Time Elapsed:  00:00:33
</pre>
</body>
</html>
